<html>
<body>
<pre>
<h1>µVision Build Log</h1>
<h2>Project:</h2>
D:\GPS_Project-main\GPS_Project.uvproj
Project File Date:  05/07/2025

<h2>Output:</h2>
Rebuild target 'Target 1'
compiling App.c...
Second Milestone (Final)\App\../../Services - Utilities/TM4C123.h(12638): warning:  #1-D: last line of file ends without a newline
  #endif // __TM4C123GH6PM_H__
Second Milestone (Final)\App\../../Services - Utilities/bit_utilies.h(13): warning:  #1-D: last line of file ends without a newline
  #endif
Second Milestone (Final)\App\../HAL/LED_BUZZER/LED_BUZZER.h(16): warning:  #1-D: last line of file ends without a newline
  #endif // LED_H
Second Milestone (Final)\App\../HAL/SWITCH_BTN/SWITCH_BTN.h(14): warning:  #1-D: last line of file ends without a newline
  #endif // SWITCH_BTN_H
Second Milestone (Final)\App\App.c(214): warning:  #111-D: statement is unreachable
      return 0;
Second Milestone (Final)\App\App.c: 5 warnings, 0 errors
compiling GPIO.c...
Second Milestone (Final)\MCAL\GPIO\../../../Services - Utilities/TM4C123.h(12638): warning:  #1-D: last line of file ends without a newline
  #endif // __TM4C123GH6PM_H__
Second Milestone (Final)\MCAL\GPIO\../../../Services - Utilities/bit_utilies.h(13): warning:  #1-D: last line of file ends without a newline
  #endif
Second Milestone (Final)\MCAL\GPIO\GPIO.c(293): warning:  #111-D: statement is unreachable
  break;
Second Milestone (Final)\MCAL\GPIO\GPIO.c(300): warning:  #111-D: statement is unreachable
  break;
Second Milestone (Final)\MCAL\GPIO\GPIO.c(307): warning:  #111-D: statement is unreachable
  break;
Second Milestone (Final)\MCAL\GPIO\GPIO.c(314): warning:  #111-D: statement is unreachable
  break;
Second Milestone (Final)\MCAL\GPIO\GPIO.c(321): warning:  #111-D: statement is unreachable
  break;
Second Milestone (Final)\MCAL\GPIO\GPIO.c(331): warning:  #1-D: last line of file ends without a newline
  }
Second Milestone (Final)\MCAL\GPIO\GPIO.c: 8 warnings, 0 errors
compiling SYSTICK.c...
Second Milestone (Final)\MCAL\SYSTICK\../../../Services - Utilities/TM4C123.h(12638): warning:  #1-D: last line of file ends without a newline
  #endif // __TM4C123GH6PM_H__
Second Milestone (Final)\MCAL\SYSTICK\SYSTICK.c: 1 warning, 0 errors
compiling UART.c...
Second Milestone (Final)\MCAL\UART\../../../Services - Utilities/TM4C123.h(12638): warning:  #1-D: last line of file ends without a newline
  #endif // __TM4C123GH6PM_H__
Second Milestone (Final)\MCAL\UART\UART.c(178): warning:  #1-D: last line of file ends without a newline
  }
Second Milestone (Final)\MCAL\UART\UART.c: 2 warnings, 0 errors
compiling GPS.c...
Second Milestone (Final)\HAL\GPS\../../MCAL/UART/../../../Services - Utilities/TM4C123.h(12638): warning:  #1-D: last line of file ends without a newline
  #endif // __TM4C123GH6PM_H__
Second Milestone (Final)\HAL\GPS\GPS.c(114): warning:  #1035-D: single-precision operand implicitly converted to double-precision
      return (degree + (minutes / 60.0));
Second Milestone (Final)\HAL\GPS\GPS.c(119): warning:  #1035-D: single-precision operand implicitly converted to double-precision
      return angle * PPI / 180.0;
Second Milestone (Final)\HAL\GPS\GPS.c: 3 warnings, 0 errors
compiling system_TM4C123.c...
Services - Utilities\system_TM4C123.c(7): warning:  #1-D: last line of file ends without a newline
  }
Services - Utilities\system_TM4C123.c: 1 warning, 0 errors
assembling startup_TM4C123.s...
compiling LCD.c...
compiling LED_BUZZER.c...
Second Milestone (Final)\HAL\LED_BUZZER\LED_BUZZER.h(16): warning:  #1-D: last line of file ends without a newline
  #endif // LED_H
Second Milestone (Final)\HAL\LED_BUZZER\LED_BUZZER.c(23): warning:  #1-D: last line of file ends without a newline
  }
Second Milestone (Final)\HAL\LED_BUZZER\LED_BUZZER.c: 2 warnings, 0 errors
compiling TIMER.c...
Second Milestone (Final)\MCAL\TIMER\../../../Services - Utilities/TM4C123.h(12638): warning:  #1-D: last line of file ends without a newline
  #endif // __TM4C123GH6PM_H__
Second Milestone (Final)\MCAL\TIMER\TIMER.c(68): warning:  #223-D: function "sprintf" declared implicitly
          sprintf(minutes_string, "%d", minutes);
Second Milestone (Final)\MCAL\TIMER\TIMER.c: 2 warnings, 0 errors
compiling SWITCH_BTN.c...
Second Milestone (Final)\HAL\SWITCH_BTN\SWITCH_BTN.h(14): warning:  #1-D: last line of file ends without a newline
  #endif // SWITCH_BTN_H
Second Milestone (Final)\HAL\SWITCH_BTN\SWITCH_BTN.c: 1 warning, 0 errors
linking...
Program Size: Code=17136 RO-data=1304 RW-data=124 ZI-data=548  
".\GPS_Project.axf" - 0 Error(s), 25 Warning(s).
Load "D:\\GPS_Project-main\\GPS_Project.axf" 
Connecting: Mode=JTAG, Speed=1000000Hz
Erase Done.
Programming Done.
Verify OK.
</pre>
</body>
</html>
rget DLL has been cancelled
Load "D:\\GPS_Project-main\\GPS_Project.axf" 
Connecting: Mode=JTAG, Speed=1000000Hz
Erase Done.
Programming Done.
Verify OK.
ain\\GPS_Project.axf" 
Connecting: Mode=JTAG, Speed=1000000Hz
Erase Done.
Programming Done.
Verify OK.
ownload failed  -  Target DLL has been cancelled
rase Done.
Programming Done.
Verify OK.
=JTAG, Speed=1000000Hz
Erase Done.
Programming Done.
Verify OK.
