ARM Linker, 5.03 [Build 76] [MDK-ARM Lite]

==============================================================================

Section Cross References

    app.o(.text) refers to uart.o(.text) for UART2_Init
    app.o(.text) refers to lcd.o(.text) for LCD_Init
    app.o(.text) refers to gpio.o(.text) for GPIO_InitPort
    app.o(.text) refers to systick.o(.text) for wait_ms
    app.o(.text) refers to gps.o(.text) for readGPS
    app.o(.text) refers to atof.o(i.__hardfp_atof) for __hardfp_atof
    app.o(.text) refers to d2f.o(.text) for __aeabi_d2f
    app.o(.text) refers to timer.o(.text) for Timer_Reset
    app.o(.text) refers to switch_btn.o(.text) for switch_state
    app.o(.text) refers to printf1.o(i.__0sprintf$1) for __2sprintf
    app.o(.text) refers to led_buzzer.o(.text) for Alert_If_Close
    app.o(.text) refers to app.o(.bss) for Log
    app.o(.text) refers to app.o(.data) for Lat_float
    app.o(.text) refers to timer.o(.data) for timer_running
    app.o(.text) refers to switch_btn.o(.data) for state
    app.o(.text) refers to gps.o(.constdata) for Places_Quantity
    gps.o(.text) refers to uart.o(.text) for UART2_CharRX
    gps.o(.text) refers to f2d.o(.text) for __aeabi_f2d
    gps.o(.text) refers to ddiv.o(.text) for __aeabi_ddiv
    gps.o(.text) refers to dflti.o(.text) for __aeabi_i2d
    gps.o(.text) refers to dadd.o(.text) for __aeabi_dadd
    gps.o(.text) refers to d2f.o(.text) for __aeabi_d2f
    gps.o(.text) refers to dmul.o(.text) for __aeabi_dmul
    gps.o(.text) refers to sin.o(i.__hardfp_sin) for __hardfp_sin
    gps.o(.text) refers to pow.o(i.__hardfp_pow) for __hardfp_pow
    gps.o(.text) refers to cos.o(i.__hardfp_cos) for __hardfp_cos
    gps.o(.text) refers to sqrt.o(i.__hardfp_sqrt) for __hardfp_sqrt
    gps.o(.text) refers to atan2.o(i.__hardfp_atan2) for __hardfp_atan2
    gps.o(.text) refers to gps.o(.data) for Coordinate_fixed_places
    startup_tm4c123.o(RESET) refers to startup_tm4c123.o(STACK) for __initial_sp
    startup_tm4c123.o(RESET) refers to startup_tm4c123.o(.text) for Reset_Handler
    startup_tm4c123.o(RESET) refers to timer.o(.text) for TIMER0A_Handler
    startup_tm4c123.o(.text) refers to entry.o(.ARM.Collect$$$$00000000) for __main
    led_buzzer.o(.text) refers to dflti.o(.text) for __aeabi_i2d
    led_buzzer.o(.text) refers to cdcmple.o(.text) for __aeabi_cdcmple
    led_buzzer.o(.text) refers to led_buzzer.o(.data) for IsNear
    timer.o(.text) refers to printf1.o(i.__0sprintf$1) for __2sprintf
    timer.o(.text) refers to lcd.o(.text) for LCD_Command
    timer.o(.text) refers to timer.o(.data) for timer_running
    switch_btn.o(.text) refers to switch_btn.o(.data) for state
    atan2.o(i.__hardfp_atan2) refers (Special) to iusefp.o(.text) for __I$use$fp
    atan2.o(i.__hardfp_atan2) refers to dadd.o(.text) for __aeabi_dadd
    atan2.o(i.__hardfp_atan2) refers to atan.o(i.atan) for atan
    atan2.o(i.__hardfp_atan2) refers to ddiv.o(.text) for __aeabi_ddiv
    atan2.o(i.__hardfp_atan2) refers to fabs.o(i.fabs) for fabs
    atan2.o(i.__hardfp_atan2) refers to qnan.o(.constdata) for __mathlib_zero
    atan2.o(i.__softfp_atan2) refers (Special) to iusefp.o(.text) for __I$use$fp
    atan2.o(i.__softfp_atan2) refers to atan2.o(i.__hardfp_atan2) for __hardfp_atan2
    atan2.o(i.atan2) refers (Special) to iusefp.o(.text) for __I$use$fp
    atan2.o(i.atan2) refers to atan2.o(i.__hardfp_atan2) for __hardfp_atan2
    atan2_x.o(i.____hardfp_atan2$lsc) refers (Special) to iusefp.o(.text) for __I$use$fp
    atan2_x.o(i.____hardfp_atan2$lsc) refers to dadd.o(.text) for __aeabi_dadd
    atan2_x.o(i.____hardfp_atan2$lsc) refers to atan.o(i.atan) for atan
    atan2_x.o(i.____hardfp_atan2$lsc) refers to errno.o(i.__set_errno) for __set_errno
    atan2_x.o(i.____hardfp_atan2$lsc) refers to ddiv.o(.text) for __aeabi_ddiv
    atan2_x.o(i.____hardfp_atan2$lsc) refers to fabs.o(i.fabs) for fabs
    atan2_x.o(i.____hardfp_atan2$lsc) refers to qnan.o(.constdata) for __mathlib_zero
    atan2_x.o(i.____softfp_atan2$lsc) refers (Special) to iusefp.o(.text) for __I$use$fp
    atan2_x.o(i.____softfp_atan2$lsc) refers to atan2_x.o(i.____hardfp_atan2$lsc) for ____hardfp_atan2$lsc
    atan2_x.o(i.__atan2$lsc) refers (Special) to iusefp.o(.text) for __I$use$fp
    atan2_x.o(i.__atan2$lsc) refers to atan2_x.o(i.____hardfp_atan2$lsc) for ____hardfp_atan2$lsc
    atof.o(i.__hardfp_atof) refers (Special) to iusefp.o(.text) for __I$use$fp
    atof.o(i.__hardfp_atof) refers to errno.o(i.__read_errno) for __read_errno
    atof.o(i.__hardfp_atof) refers to strtod.o(.text) for __strtod_int
    atof.o(i.__hardfp_atof) refers to errno.o(i.__set_errno) for __set_errno
    atof.o(i.__softfp_atof) refers (Special) to iusefp.o(.text) for __I$use$fp
    atof.o(i.__softfp_atof) refers to errno.o(i.__read_errno) for __read_errno
    atof.o(i.__softfp_atof) refers to strtod.o(.text) for __strtod_int
    atof.o(i.__softfp_atof) refers to errno.o(i.__set_errno) for __set_errno
[...]
    sqrt_x.o(i.__sqrt$lsc) refers to errno.o(i.__set_errno) for __set_errno
    sqrt_x.o(i.__sqrt$lsc) refers to dsqrt.o(.text) for _dsqrt
    entry.o(.ARM.Collect$$$$00000000) refers (Special) to entry10a.o(.ARM.Collect$$$$0000000D) for __rt_final_cpp
    entry.o(.ARM.Collect$$$$00000000) refers (Special) to entry11a.o(.ARM.Collect$$$$0000000F) for __rt_final_exit
    entry.o(.ARM.Collect$$$$00000000) refers (Special) to entry7b.o(.ARM.Collect$$$$00000008) for _main_clock
    entry.o(.ARM.Collect$$$$00000000) refers (Special) to entry8b.o(.ARM.Collect$$$$0000000A) for _main_cpp_init
    entry.o(.ARM.Collect$$$$00000000) refers (Special) to entry9a.o(.ARM.Collect$$$$0000000B) for _main_init
    entry.o(.ARM.Collect$$$$00000000) refers (Special) to entry5.o(.ARM.Collect$$$$00000004) for _main_scatterload
    entry.o(.ARM.Collect$$$$00000000) refers (Special) to entry2.o(.ARM.Collect$$$$00000001) for _main_stk
    printfb.o(i.__0fprintf$bare) refers to printfb.o(i._printf_core) for _printf_core
    printfb.o(i.__0fprintf$bare) refers to fputc.o(i.fputc) for fputc
    printfb.o(i.__0printf$bare) refers to printfb.o(i._printf_core) for _printf_core
    printfb.o(i.__0printf$bare) refers to fputc.o(i.fputc) for fputc
    printfb.o(i.__0printf$bare) refers to stdout.o(.data) for __stdout
    printfb.o(i.__0snprintf$bare) refers to printfb.o(i._printf_core) for _printf_core
    printfb.o(i.__0snprintf$bare) refers to printfb.o(i._snputc) for _snputc
    printfb.o(i.__0sprintf$bare) refers to printfb.o(i._printf_core) for _printf_core
    printfb.o(i.__0sprintf$bare) refers to printfb.o(i._sputc) for _sputc
    printfb.o(i.__0vfprintf$bare) refers to printfb.o(i._printf_core) for _printf_core
    printfb.o(i.__0vfprintf$bare) refers to fputc.o(i.fputc) for fputc
    printfb.o(i.__0vprintf$bare) refers to printfb.o(i._printf_core) for _printf_core
    printfb.o(i.__0vprintf$bare) refers to fputc.o(i.fputc) for fputc
    printfb.o(i.__0vprintf$bare) refers to stdout.o(.data) for __stdout
    printfb.o(i.__0vsnprintf$bare) refers to printfb.o(i._printf_core) for _printf_core
    printfb.o(i.__0vsnprintf$bare) refers to printfb.o(i._snputc) for _snputc
    printfb.o(i.__0vsprintf$bare) refers to printfb.o(i._printf_core) for _printf_core
    printfb.o(i.__0vsprintf$bare) refers to printfb.o(i._sputc) for _sputc
    printf0.o(i.__0fprintf$0) refers to printf0.o(i._printf_core) for _printf_core
    printf0.o(i.__0fprintf$0) refers to fputc.o(i.fputc) for fputc
    printf0.o(i.__0printf$0) refers to printf0.o(i._printf_core) for _printf_core
    printf0.o(i.__0printf$0) refers to fputc.o(i.fputc) for fputc
    printf0.o(i.__0printf$0) refers to stdout.o(.data) for __stdout
    printf0.o(i.__0snprintf$0) refers to printf0.o(i._printf_core) for _printf_core
    printf0.o(i.__0snprintf$0) refers to printf0.o(i._snputc) for _snputc
    printf0.o(i.__0sprintf$0) refers to printf0.o(i._printf_core) for _printf_core
    printf0.o(i.__0sprintf$0) refers to printf0.o(i._sputc) for _sputc
    printf0.o(i.__0vfprintf$0) refers to printf0.o(i._printf_core) for _printf_core
    printf0.o(i.__0vfprintf$0) refers to fputc.o(i.fputc) for fputc
    printf0.o(i.__0vprintf$0) refers to printf0.o(i._printf_core) for _printf_core
    printf0.o(i.__0vprintf$0) refers to fputc.o(i.fputc) for fputc
    printf0.o(i.__0vprintf$0) refers to stdout.o(.data) for __stdout
    printf0.o(i.__0vsnprintf$0) refers to printf0.o(i._printf_core) for _printf_core
    printf0.o(i.__0vsnprintf$0) refers to printf0.o(i._snputc) for _snputc
    printf0.o(i.__0vsprintf$0) refers to printf0.o(i._printf_core) for _printf_core
    printf0.o(i.__0vsprintf$0) refers to printf0.o(i._sputc) for _sputc
    printf1.o(i.__0fprintf$1) refers to printf1.o(i._printf_core) for _printf_core
    printf1.o(i.__0fprintf$1) refers to fputc.o(i.fputc) for fputc
    printf1.o(i.__0printf$1) refers to printf1.o(i._printf_core) for _printf_core
    printf1.o(i.__0printf$1) refers to fputc.o(i.fputc) for fputc
    printf1.o(i.__0printf$1) refers to stdout.o(.data) for __stdout
    printf1.o(i.__0snprintf$1) refers to printf1.o(i._printf_core) for _printf_core
    printf1.o(i.__0snprintf$1) refers to printf1.o(i._snputc) for _snputc
    printf1.o(i.__0sprintf$1) refers to printf1.o(i._printf_core) for _printf_core
    printf1.o(i.__0sprintf$1) refers to printf1.o(i._sputc) for _sputc
    printf1.o(i.__0vfprintf$1) refers to printf1.o(i._printf_core) for _printf_core
    printf1.o(i.__0vfprintf$1) refers to fputc.o(i.fputc) for fputc
    printf1.o(i.__0vprintf$1) refers to printf1.o(i._printf_core) for _printf_core
    printf1.o(i.__0vprintf$1) refers to fputc.o(i.fputc) for fputc
    printf1.o(i.__0vprintf$1) refers to stdout.o(.data) for __stdout
    printf1.o(i.__0vsnprintf$1) refers to printf1.o(i._printf_core) for _printf_core
    printf1.o(i.__0vsnprintf$1) refers to printf1.o(i._snputc) for _snputc
    printf1.o(i.__0vsprintf$1) refers to printf1.o(i._printf_core) for _printf_core
    printf1.o(i.__0vsprintf$1) refers to printf1.o(i._sputc) for _sputc
    printf1.o(i._printf_core) refers to uidiv.o(.text) for __aeabi_uidivmod
    printf2.o(i.__0fprintf$2) refers to printf2.o(i._printf_core) for _printf_core
    printf2.o(i.__0fprintf$2) refers to fputc.o(i.fputc) for fputc
    printf2.o(i.__0printf$2) refers to printf2.o(i._printf_core) for _printf_core
    printf2.o(i.__0printf$2) refers to fputc.o(i.fputc) for fputc
    printf2.o(i.__0printf$2) refers to stdout.o(.data) for __stdout
    printf2.o(i.__0snprintf$2) refers to printf2.o(i._printf_core) for _printf_core
    printf2.o(i.__0snprintf$2) refers to printf2.o(i._snputc) for _snputc
    printf2.o(i.__0sprintf$2) refers to printf2.o(i._printf_core) for _printf_core
    printf2.o(i.__0sprintf$2) refers to printf2.o(i._sputc) for _sputc
    printf2.o(i.__0vfprintf$2) refers to printf2.o(i._printf_core) for _printf_core
    printf2.o(i.__0vfprintf$2) refers to fputc.o(i.fputc) for fputc
    printf2.o(i.__0vprintf$2) refers to printf2.o(i._printf_core) for _printf_core
    printf2.o(i.__0vprintf$2) refers to fputc.o(i.fputc) for fputc
    printf2.o(i.__0vprintf$2) refers to stdout.o(.data) for __stdout
    printf2.o(i.__0vsnprintf$2) refers to printf2.o(i._printf_core) for _printf_core
    printf2.o(i.__0vsnprintf$2) refers to printf2.o(i._snputc) for _snputc
    printf2.o(i.__0vsprintf$2) refers to printf2.o(i._printf_core) for _printf_core
    printf2.o(i.__0vsprintf$2) refers to printf2.o(i._sputc) for _sputc
    printf3.o(i.__0fprintf$3) refers to printf3.o(i._printf_core) for _printf_core
    printf3.o(i.__0fprintf$3) refers to fputc.o(i.fputc) for fputc
    printf3.o(i.__0printf$3) refers to printf3.o(i._printf_core) for _printf_core
    printf3.o(i.__0printf$3) refers to fputc.o(i.fputc) for fputc
    printf3.o(i.__0printf$3) refers to stdout.o(.data) for __stdout
    printf3.o(i.__0snprintf$3) refers to printf3.o(i._printf_core) for _printf_core
    printf3.o(i.__0snprintf$3) refers to printf3.o(i._snputc) for _snputc
    printf3.o(i.__0sprintf$3) refers to printf3.o(i._printf_core) for _printf_core
    printf3.o(i.__0sprintf$3) refers to printf3.o(i._sputc) for _sputc
    printf3.o(i.__0vfprintf$3) refers to printf3.o(i._printf_core) for _printf_core
    printf3.o(i.__0vfprintf$3) refers to fputc.o(i.fputc) for fputc
    printf3.o(i.__0vprintf$3) refers to printf3.o(i._printf_core) for _printf_core
    printf3.o(i.__0vprintf$3) refers to fputc.o(i.fputc) for fputc
    printf3.o(i.__0vprintf$3) refers to stdout.o(.data) for __stdout
    printf3.o(i.__0vsnprintf$3) refers to printf3.o(i._printf_core) for _printf_core
    printf3.o(i.__0vsnprintf$3) refers to printf3.o(i._snputc) for _snputc
    printf3.o(i.__0vsprintf$3) refers to printf3.o(i._printf_core) for _printf_core
    printf3.o(i.__0vsprintf$3) refers to printf3.o(i._sputc) for _sputc
    printf3.o(i._printf_core) refers to uidiv.o(.text) for __aeabi_uidivmod
    printf4.o(i.__0fprintf$4) refers to printf4.o(i._printf_core) for _printf_core
    printf4.o(i.__0fprintf$4) refers to fputc.o(i.fputc) for fputc
    printf4.o(i.__0printf$4) refers to printf4.o(i._printf_core) for _printf_core
    printf4.o(i.__0printf$4) refers to fputc.o(i.fputc) for fputc
    printf4.o(i.__0printf$4) refers to stdout.o(.data) for __stdout
    printf4.o(i.__0snprintf$4) refers to printf4.o(i._printf_core) for _printf_core
    printf4.o(i.__0snprintf$4) refers to printf4.o(i._snputc) for _snputc
    printf4.o(i.__0sprintf$4) refers to printf4.o(i._printf_core) for _printf_core
    printf4.o(i.__0sprintf$4) refers to printf4.o(i._sputc) for _sputc
    printf4.o(i.__0vfprintf$4) refers to printf4.o(i._printf_core) for _printf_core
    printf4.o(i.__0vfprintf$4) refers to fputc.o(i.fputc) for fputc
    printf4.o(i.__0vprintf$4) refers to printf4.o(i._printf_core) for _printf_core
    printf4.o(i.__0vprintf$4) refers to fputc.o(i.fputc) for fputc
    printf4.o(i.__0vprintf$4) refers to stdout.o(.data) for __stdout
    printf4.o(i.__0vsnprintf$4) refers to printf4.o(i._printf_core) for _printf_core
    printf4.o(i.__0vsnprintf$4) refers to printf4.o(i._snputc) for _snputc
    printf4.o(i.__0vsprintf$4) refers to printf4.o(i._printf_core) for _printf_core
    printf4.o(i.__0vsprintf$4) refers to printf4.o(i._sputc) for _sputc
    printf4.o(i._printf_core) refers to uldiv.o(.text) for __aeabi_uldivmod
    printf5.o(i.__0fprintf$5) refers to printf5.o(i._printf_core) for _printf_core
    printf5.o(i.__0fprintf$5) refers to fputc.o(i.fputc) for fputc
    printf5.o(i.__0printf$5) refers to printf5.o(i._printf_core) for _printf_core
    printf5.o(i.__0printf$5) refers to fputc.o(i.fputc) for fputc
    printf5.o(i.__0printf$5) refers to stdout.o(.data) for __stdout
    printf5.o(i.__0snprintf$5) refers to printf5.o(i._printf_core) for _printf_core
    printf5.o(i.__0snprintf$5) refers to printf5.o(i._snputc) for _snputc
    printf5.o(i.__0sprintf$5) refers to printf5.o(i._printf_core) for _printf_core
    printf5.o(i.__0sprintf$5) refers to printf5.o(i._sputc) for _sputc
    printf5.o(i.__0vfprintf$5) refers to printf5.o(i._printf_core) for _printf_core
    printf5.o(i.__0vfprintf$5) refers to fputc.o(i.fputc) for fputc
    printf5.o(i.__0vprintf$5) refers to printf5.o(i._printf_core) for _printf_core
    printf5.o(i.__0vprintf$5) refers to fputc.o(i.fputc) for fputc
    printf5.o(i.__0vprintf$5) refers to stdout.o(.data) for __stdout
    printf5.o(i.__0vsnprintf$5) refers to printf5.o(i._printf_core) for _printf_core
    printf5.o(i.__0vsnprintf$5) refers to printf5.o(i._snputc) for _snputc
    printf5.o(i.__0vsprintf$5) refers to printf5.o(i._printf_core) for _printf_core
    printf5.o(i.__0vsprintf$5) refers to printf5.o(i._sputc) for _sputc
    printf5.o(i._printf_core) refers to uldiv.o(.text) for __aeabi_uldivmod
    printf6.o(i.__0fprintf$6) refers to printf6.o(i._printf_core) for _printf_core
    printf6.o(i.__0fprintf$6) refers to fputc.o(i.fputc) for fputc
    printf6.o(i.__0printf$6) refers to printf6.o(i._printf_core) for _printf_core
    printf6.o(i.__0printf$6) refers to fputc.o(i.fputc) for fputc
    printf6.o(i.__0printf$6) refers to stdout.o(.data) for __stdout
    printf6.o(i.__0snprintf$6) refers to printf6.o(i._printf_core) for _printf_core
    printf6.o(i.__0snprintf$6) refers to printf6.o(i._snputc) for _snputc
    printf6.o(i.__0sprintf$6) refers to printf6.o(i._printf_core) for _printf_core
    printf6.o(i.__0sprintf$6) refers to printf6.o(i._sputc) for _sputc
    printf6.o(i.__0vfprintf$6) refers to printf6.o(i._printf_core) for _printf_core
    printf6.o(i.__0vfprintf$6) refers to fputc.o(i.fputc) for fputc
    printf6.o(i.__0vprintf$6) refers to printf6.o(i._printf_core) for _printf_core
    printf6.o(i.__0vprintf$6) refers to fputc.o(i.fputc) for fputc
    printf6.o(i.__0vprintf$6) refers to stdout.o(.data) for __stdout
    printf6.o(i.__0vsnprintf$6) refers to printf6.o(i._printf_core) for _printf_core
    printf6.o(i.__0vsnprintf$6) refers to printf6.o(i._snputc) for _snputc
    printf6.o(i.__0vsprintf$6) refers to printf6.o(i._printf_core) for _printf_core
    printf6.o(i.__0vsprintf$6) refers to printf6.o(i._sputc) for _sputc
    printf6.o(i._printf_core) refers to printf6.o(i._printf_pre_padding) for _printf_pre_padding
    printf6.o(i._printf_core) refers to uidiv.o(.text) for __aeabi_uidivmod
    printf6.o(i._printf_core) refers to printf6.o(i._printf_post_padding) for _printf_post_padding
    printf7.o(i.__0fprintf$7) refers to printf7.o(i._printf_core) for _printf_core
    printf7.o(i.__0fprintf$7) refers to fputc.o(i.fputc) for fputc
    printf7.o(i.__0printf$7) refers to printf7.o(i._printf_core) for _printf_core
    printf7.o(i.__0printf$7) refers to fputc.o(i.fputc) for fputc
    printf7.o(i.__0printf$7) refers to stdout.o(.data) for __stdout
    printf7.o(i.__0snprintf$7) refers to printf7.o(i._printf_core) for _printf_core
    printf7.o(i.__0snprintf$7) refers to printf7.o(i._snputc) for _snputc
    printf7.o(i.__0sprintf$7) refers to printf7.o(i._printf_core) for _printf_core
    printf7.o(i.__0sprintf$7) refers to printf7.o(i._sputc) for _sputc
    printf7.o(i.__0vfprintf$7) refers to printf7.o(i._printf_core) for _printf_core
    printf7.o(i.__0vfprintf$7) refers to fputc.o(i.fputc) for fputc
    printf7.o(i.__0vprintf$7) refers to printf7.o(i._printf_core) for _printf_core
    printf7.o(i.__0vprintf$7) refers to fputc.o(i.fputc) for fputc
    printf7.o(i.__0vprintf$7) refers to stdout.o(.data) for __stdout
    printf7.o(i.__0vsnprintf$7) refers to printf7.o(i._printf_core) for _printf_core
    printf7.o(i.__0vsnprintf$7) refers to printf7.o(i._snputc) for _snputc
    printf7.o(i.__0vsprintf$7) refers to printf7.o(i._printf_core) for _printf_core
    printf7.o(i.__0vsprintf$7) refers to printf7.o(i._sputc) for _sputc
    printf7.o(i._printf_core) refers to printf7.o(i._printf_pre_padding) for _printf_pre_padding
    printf7.o(i._printf_core) refers to uldiv.o(.text) for __aeabi_uldivmod
    printf7.o(i._printf_core) refers to printf7.o(i._printf_post_padding) for _printf_post_padding
    printf8.o(i.__0fprintf$8) refers to printf8.o(i._printf_core) for _printf_core
    printf8.o(i.__0fprintf$8) refers to fputc.o(i.fputc) for fputc
    printf8.o(i.__0printf$8) refers to printf8.o(i._printf_core) for _printf_core
    printf8.o(i.__0printf$8) refers to fputc.o(i.fputc) for fputc
    printf8.o(i.__0printf$8) refers to stdout.o(.data) for __stdout
    printf8.o(i.__0snprintf$8) refers to printf8.o(i._printf_core) for _printf_core
    printf8.o(i.__0snprintf$8) refers to printf8.o(i._snputc) for _snputc
    printf8.o(i.__0sprintf$8) refers to printf8.o(i._printf_core) for _printf_core
    printf8.o(i.__0sprintf$8) refers to printf8.o(i._sputc) for _sputc
    printf8.o(i.__0vfprintf$8) refers to printf8.o(i._printf_core) for _printf_core
    printf8.o(i.__0vfprintf$8) refers to fputc.o(i.fputc) for fputc
    printf8.o(i.__0vprintf$8) refers to printf8.o(i._printf_core) for _printf_core
    printf8.o(i.__0vprintf$8) refers to fputc.o(i.fputc) for fputc
    printf8.o(i.__0vprintf$8) refers to stdout.o(.data) for __stdout
    printf8.o(i.__0vsnprintf$8) refers to printf8.o(i._printf_core) for _printf_core
    printf8.o(i.__0vsnprintf$8) refers to printf8.o(i._snputc) for _snputc
    printf8.o(i.__0vsprintf$8) refers to printf8.o(i._printf_core) for _printf_core
    printf8.o(i.__0vsprintf$8) refers to printf8.o(i._sputc) for _sputc
    printf8.o(i._printf_core) refers to printf8.o(i._printf_pre_padding) for _printf_pre_padding
    printf8.o(i._printf_core) refers to uldiv.o(.text) for __aeabi_uldivmod
    printf8.o(i._printf_core) refers to printf8.o(i._printf_post_padding) for _printf_post_padding
    printfa.o(i.__0fprintf) refers (Special) to iusefp.o(.text) for __I$use$fp
    printfa.o(i.__0fprintf) refers to printfa.o(i._printf_core) for _printf_core
    printfa.o(i.__0fprintf) refers to fputc.o(i.fputc) for fputc
    printfa.o(i.__0printf) refers (Special) to iusefp.o(.text) for __I$use$fp
    printfa.o(i.__0printf) refers to printfa.o(i._printf_core) for _printf_core
    printfa.o(i.__0printf) refers to fputc.o(i.fputc) for fputc
    printfa.o(i.__0printf) refers to stdout.o(.data) for __stdout
    printfa.o(i.__0snprintf) refers (Special) to iusefp.o(.text) for __I$use$fp
    printfa.o(i.__0snprintf) refers to printfa.o(i._printf_core) for _printf_core
    printfa.o(i.__0snprintf) refers to printfa.o(i._snputc) for _snputc
    printfa.o(i.__0sprintf) refers (Special) to iusefp.o(.text) for __I$use$fp
    printfa.o(i.__0sprintf) refers to printfa.o(i._printf_core) for _printf_core
    printfa.o(i.__0sprintf) refers to printfa.o(i._sputc) for _sputc
    printfa.o(i.__0vfprintf) refers (Special) to iusefp.o(.text) for __I$use$fp
    printfa.o(i.__0vfprintf) refers to printfa.o(i._printf_core) for _printf_core
    printfa.o(i.__0vfprintf) refers to fputc.o(i.fputc) for fputc
    printfa.o(i.__0vprintf) refers (Special) to iusefp.o(.text) for __I$use$fp
    printfa.o(i.__0vprintf) refers to printfa.o(i._printf_core) for _printf_core
    printfa.o(i.__0vprintf) refers to fputc.o(i.fputc) for fputc
    printfa.o(i.__0vprintf) refers to stdout.o(.data) for __stdout
    printfa.o(i.__0vsnprintf) refers (Special) to iusefp.o(.text) for __I$use$fp
    printfa.o(i.__0vsnprintf) refers to printfa.o(i._printf_core) for _printf_core
    printfa.o(i.__0vsnprintf) refers to printfa.o(i._snputc) for _snputc
    printfa.o(i.__0vsprintf) refers (Special) to iusefp.o(.text) for __I$use$fp
    printfa.o(i.__0vsprintf) refers to printfa.o(i._printf_core) for _printf_core
    printfa.o(i.__0vsprintf) refers to printfa.o(i._sputc) for _sputc
    printfa.o(i._fp_digits) refers (Special) to iusefp.o(.text) for __I$use$fp
    printfa.o(i._fp_digits) refers to dmul.o(.text) for __aeabi_dmul
    printfa.o(i._fp_digits) refers to ddiv.o(.text) for __aeabi_ddiv
    printfa.o(i._fp_digits) refers to cdrcmple.o(.text) for __aeabi_cdrcmple
    printfa.o(i._fp_digits) refers to dadd.o(.text) for __aeabi_dadd
    printfa.o(i._fp_digits) refers to dfixul.o(.text) for __aeabi_d2ulz
    printfa.o(i._fp_digits) refers to uldiv.o(.text) for __aeabi_uldivmod
    printfa.o(i._printf_core) refers (Special) to iusefp.o(.text) for __I$use$fp
    printfa.o(i._printf_core) refers to printfa.o(i._printf_pre_padding) for _printf_pre_padding
    printfa.o(i._printf_core) refers to uldiv.o(.text) for __aeabi_uldivmod
    printfa.o(i._printf_core) refers to printfa.o(i._printf_post_padding) for _printf_post_padding
    printfa.o(i._printf_core) refers to printfa.o(i._fp_digits) for _fp_digits
    printfa.o(i._printf_core) refers to uidiv.o(.text) for __aeabi_uidivmod
    printfa.o(i._printf_post_padding) refers (Special) to iusefp.o(.text) for __I$use$fp
    printfa.o(i._printf_pre_padding) refers (Special) to iusefp.o(.text) for __I$use$fp
    printfa.o(i._snputc) refers (Special) to iusefp.o(.text) for __I$use$fp
    printfa.o(i._sputc) refers (Special) to iusefp.o(.text) for __I$use$fp
    dadd.o(.text) refers (Special) to iusefp.o(.text) for __I$use$fp
    dadd.o(.text) refers to llshl.o(.text) for __aeabi_llsl
    dadd.o(.text) refers to llsshr.o(.text) for __aeabi_lasr
    dadd.o(.text) refers to depilogue.o(.text) for _double_epilogue
    dmul.o(.text) refers (Special) to iusefp.o(.text) for __I$use$fp
    dmul.o(.text) refers to depilogue.o(.text) for _double_epilogue
    ddiv.o(.text) refers (Special) to iusefp.o(.text) for __I$use$fp
    ddiv.o(.text) refers to depilogue.o(.text) for _double_round
    dflti.o(.text) refers (Special) to iusefp.o(.text) for __I$use$fp
    dflti.o(.text) refers to depilogue.o(.text) for _double_epilogue
    f2d.o(.text) refers (Special) to iusefp.o(.text) for __I$use$fp
    cdcmple.o(.text) refers (Special) to iusefp.o(.text) for __I$use$fp
    d2f.o(.text) refers (Special) to iusefp.o(.text) for __I$use$fp
    d2f.o(.text) refers to fepilogue.o(.text) for _float_round
    atan.o(i.__hardfp_atan) refers (Special) to iusefp.o(.text) for __I$use$fp
    atan.o(i.__hardfp_atan) refers to dadd.o(.text) for __aeabi_dadd
    atan.o(i.__hardfp_atan) refers to fpclassify.o(i.__ARM_fpclassify) for __ARM_fpclassify
    atan.o(i.__hardfp_atan) refers to dunder.o(i.__mathlib_dbl_underflow) for __mathlib_dbl_underflow
    atan.o(i.__hardfp_atan) refers to fabs.o(i.fabs) for fabs
    atan.o(i.__hardfp_atan) refers to dmul.o(.text) for __aeabi_dmul
    atan.o(i.__hardfp_atan) refers to ddiv.o(.text) for __aeabi_ddiv
    atan.o(i.__hardfp_atan) refers to poly.o(i.__kernel_poly) for __kernel_poly
    atan.o(i.__hardfp_atan) refers to atan.o(.constdata) for .constdata
    atan.o(i.__softfp_atan) refers (Special) to iusefp.o(.text) for __I$use$fp
    atan.o(i.__softfp_atan) refers to atan.o(i.__hardfp_atan) for __hardfp_atan
    atan.o(i.atan) refers (Special) to iusefp.o(.text) for __I$use$fp
    atan.o(i.atan) refers to atan.o(i.__hardfp_atan) for __hardfp_atan
    atan.o(.constdata) refers (Special) to iusefp.o(.text) for __I$use$fp
    atan_x.o(i.____hardfp_atan$lsc) refers (Special) to iusefp.o(.text) for __I$use$fp
    atan_x.o(i.____hardfp_atan$lsc) refers to dadd.o(.text) for __aeabi_dadd
    atan_x.o(i.____hardfp_atan$lsc) refers to fabs.o(i.fabs) for fabs
    atan_x.o(i.____hardfp_atan$lsc) refers to dmul.o(.text) for __aeabi_dmul
    atan_x.o(i.____hardfp_atan$lsc) refers to ddiv.o(.text) for __aeabi_ddiv
    atan_x.o(i.____hardfp_atan$lsc) refers to poly.o(i.__kernel_poly) for __kernel_poly
    atan_x.o(i.____hardfp_atan$lsc) refers to atan_x.o(.constdata) for .constdata
    atan_x.o(i.____softfp_atan$lsc) refers (Special) to iusefp.o(.text) for __I$use$fp
    atan_x.o(i.____softfp_atan$lsc) refers to atan_x.o(i.____hardfp_atan$lsc) for ____hardfp_atan$lsc
    atan_x.o(i.__atan$lsc) refers (Special) to iusefp.o(.text) for __I$use$fp
    atan_x.o(i.__atan$lsc) refers to atan_x.o(i.____hardfp_atan$lsc) for ____hardfp_atan$lsc
    atan_x.o(.constdata) refers (Special) to iusefp.o(.text) for __I$use$fp
    cos_i.o(i.__kernel_cos) refers (Special) to iusefp.o(.text) for __I$use$fp
    cos_i.o(i.__kernel_cos) refers to dfixi.o(.text) for __aeabi_d2iz
    cos_i.o(i.__kernel_cos) refers to dmul.o(.text) for __aeabi_dmul
    cos_i.o(i.__kernel_cos) refers to poly.o(i.__kernel_poly) for __kernel_poly
    cos_i.o(i.__kernel_cos) refers to dadd.o(.text) for __aeabi_dsub
    cos_i.o(i.__kernel_cos) refers to cos_i.o(.constdata) for .constdata
    cos_i.o(.constdata) refers (Special) to iusefp.o(.text) for __I$use$fp
    dunder.o(i.__mathlib_dbl_underflow) refers to dmul.o(.text) for __aeabi_dmul
    fabs.o(i.__hardfp_fabs) refers (Special) to iusefp.o(.text) for __I$use$fp
    fabs.o(i.__softfp_fabs) refers (Special) to iusefp.o(.text) for __I$use$fp
    fabs.o(i.fabs) refers (Special) to iusefp.o(.text) for __I$use$fp
    fpclassify.o(i.__ARM_fpclassify) refers (Special) to iusefp.o(.text) for __I$use$fp
    poly.o(i.__kernel_poly) refers (Special) to iusefp.o(.text) for __I$use$fp
    poly.o(i.__kernel_poly) refers to dmul.o(.text) for __aeabi_dmul
    poly.o(i.__kernel_poly) refers to dadd.o(.text) for __aeabi_dadd
    qnan.o(.constdata) refers (Special) to iusefp.o(.text) for __I$use$fp
    rred.o(i.__ieee754_rem_pio2) refers (Special) to iusefp.o(.text) for __I$use$fp
    rred.o(i.__ieee754_rem_pio2) refers to dadd.o(.text) for __aeabi_dsub
    rred.o(i.__ieee754_rem_pio2) refers to fabs.o(i.fabs) for fabs
    rred.o(i.__ieee754_rem_pio2) refers to dmul.o(.text) for __aeabi_dmul
    rred.o(i.__ieee754_rem_pio2) refers to dfixi.o(.text) for __aeabi_d2iz
    rred.o(i.__ieee754_rem_pio2) refers to dflti.o(.text) for __aeabi_i2d
    rred.o(i.__ieee754_rem_pio2) refers to dfltui.o(.text) for __aeabi_ui2d
    rred.o(i.__ieee754_rem_pio2) refers to rred.o(.constdata) for .constdata
    rred.o(i.__use_accurate_range_reduction) refers (Special) to iusefp.o(.text) for __I$use$fp
    rred.o(.constdata) refers (Special) to iusefp.o(.text) for __I$use$fp
    sin_i.o(i.__kernel_sin) refers (Special) to iusefp.o(.text) for __I$use$fp
    sin_i.o(i.__kernel_sin) refers to fpclassify.o(i.__ARM_fpclassify) for __ARM_fpclassify
    sin_i.o(i.__kernel_sin) refers to dunder.o(i.__mathlib_dbl_underflow) for __mathlib_dbl_underflow
    sin_i.o(i.__kernel_sin) refers to dmul.o(.text) for __aeabi_dmul
    sin_i.o(i.__kernel_sin) refers to poly.o(i.__kernel_poly) for __kernel_poly
    sin_i.o(i.__kernel_sin) refers to dadd.o(.text) for __aeabi_dsub
    sin_i.o(i.__kernel_sin) refers to sin_i.o(.constdata) for .constdata
    sin_i.o(.constdata) refers (Special) to iusefp.o(.text) for __I$use$fp
    sin_i_x.o(i.____kernel_sin$lsc) refers (Special) to iusefp.o(.text) for __I$use$fp
    sin_i_x.o(i.____kernel_sin$lsc) refers to dmul.o(.text) for __aeabi_dmul
    sin_i_x.o(i.____kernel_sin$lsc) refers to poly.o(i.__kernel_poly) for __kernel_poly
    sin_i_x.o(i.____kernel_sin$lsc) refers to dadd.o(.text) for __aeabi_dsub
    sin_i_x.o(i.____kernel_sin$lsc) refers to sin_i_x.o(.constdata) for .constdata
    sin_i_x.o(.constdata) refers (Special) to iusefp.o(.text) for __I$use$fp
    entry2.o(.ARM.Collect$$$$00000001) refers to entry2.o(.ARM.Collect$$$$00002712) for __lit__00000000
    entry2.o(.ARM.Collect$$$$00002712) refers to startup_tm4c123.o(STACK) for __initial_sp
    entry2.o(__vectab_stack_and_reset_area) refers to startup_tm4c123.o(STACK) for __initial_sp
    entry2.o(__vectab_stack_and_reset_area) refers to entry.o(.ARM.Collect$$$$00000000) for __main
    entry5.o(.ARM.Collect$$$$00000004) refers to init.o(.text) for __scatterload
    entry9a.o(.ARM.Collect$$$$0000000B) refers to app.o(.text) for main
    entry9b.o(.ARM.Collect$$$$0000000C) refers to app.o(.text) for main
    fputc.o(i.fputc) refers (Special) to iusesemip.o(.text) for __I$use$semihosting$fputc
    fputc.o(i.fputc) refers (Special) to semi.o(.text) for __semihosting_library_function
    uldiv.o(.text) refers to llushr.o(.text) for __aeabi_llsr
    uldiv.o(.text) refers to llshl.o(.text) for __aeabi_llsl
    errno.o(i.__aeabi_errno_addr) refers to errno.o(.data) for .data
    errno.o(i.__read_errno) refers to errno.o(.data) for .data
    errno.o(i.__set_errno) refers to errno.o(.data) for .data
    strtod.o(.text) refers to scanf_fp.o(.text) for _scanf_real
    strtod.o(.text) refers to _sgetc.o(.text) for _sgetc
    strtod.o(.text) refers to isspace_c.o(.text) for isspace
    depilogue.o(.text) refers to llshl.o(.text) for __aeabi_llsl
    depilogue.o(.text) refers to llushr.o(.text) for __aeabi_llsr
    dsqrt.o(.text) refers to llushr.o(.text) for __aeabi_llsr
    dsqrt.o(.text) refers to depilogue.o(.text) for _double_round
    dfixul.o(.text) refers to llushr.o(.text) for __aeabi_llsr
    dfixul.o(.text) refers to llshl.o(.text) for __aeabi_llsl
    init.o(.text) refers to entry5.o(.ARM.Collect$$$$00000004) for __main_after_scatterload
    isspace_c.o(.text) refers to ctype_c.o(.text) for __ctype_lookup
    scanf_fp.o(.text) refers (Special) to iusefp.o(.text) for __I$use$fp
    scanf_fp.o(.text) refers to dfltul.o(.text) for __aeabi_ul2d
    scanf_fp.o(.text) refers to dmul.o(.text) for __aeabi_dmul
    scanf_fp.o(.text) refers to ddiv.o(.text) for __aeabi_ddiv
    scanf_fp.o(.text) refers to scanf_fp.o(i._is_digit) for _is_digit
    scanf_fp.o(.text) refers to d2f.o(.text) for __aeabi_d2f
    dfltui.o(.text) refers to depilogue.o(.text) for _double_epilogue
    dfixi.o(.text) refers to llushr.o(.text) for __aeabi_llsr
    ctype_c.o(.text) refers to ctype_c.o(.constdata) for .constdata
    dfltul.o(.text) refers to depilogue.o(.text) for _double_epilogue
    scanf_fp.o(i._is_digit) refers (Special) to iusefp.o(.text) for __I$use$fp


==============================================================================

Removing Unused input sections from the image.

    Removing app.o(.rev16_text), (4 bytes).
    Removing app.o(.revsh_text), (4 bytes).
    Removing system_tm4c123.o(.text), (2 bytes).
    Removing system_tm4c123.o(.data), (4 bytes).
    Removing startup_tm4c123.o(HEAP), (0 bytes).
    Removing lcd.o(.rev16_text), (4 bytes).
    Removing lcd.o(.revsh_text), (4 bytes).
    Removing dneg.o(.text), (6 bytes).
    Removing dfixul.o(.text), (48 bytes).

9 unused section(s) (total 76 bytes) removed from the image.

==============================================================================

Image Symbol Table

    Local Symbols

    Symbol Name                              Value     Ov Type        Size  Object(Section)

    RESET                                    0x00000000   Section      620  startup_tm4c123.o(RESET)
    ../clib/microlib/ctype/ctype.c           0x00000000   Number         0  ctype_c.o ABSOLUTE
    ../clib/microlib/ctype/ctype.c           0x00000000   Number         0  isspace_c.o ABSOLUTE
    ../clib/microlib/division.c              0x00000000   Number         0  uldiv.o ABSOLUTE
    ../clib/microlib/division.c              0x00000000   Number         0  uidiv.o ABSOLUTE
    ../clib/microlib/errno.c                 0x00000000   Number         0  errno.o ABSOLUTE
    ../clib/microlib/init/entry.s            0x00000000   Number         0  entry.o ABSOLUTE
    ../clib/microlib/init/entry.s            0x00000000   Number         0  entry9a.o ABSOLUTE
    ../clib/microlib/init/entry.s            0x00000000   Number         0  entry2.o ABSOLUTE
    ../clib/microlib/init/entry.s            0x00000000   Number         0  entry9b.o ABSOLUTE
    ../clib/microlib/init/entry.s            0x00000000   Number         0  entry10a.o ABSOLUTE
    ../clib/microlib/init/entry.s            0x00000000   Number         0  entry8b.o ABSOLUTE
    ../clib/microlib/init/entry.s            0x00000000   Number         0  entry5.o ABSOLUTE
    ../clib/microlib/init/entry.s            0x00000000   Number         0  entry10b.o ABSOLUTE
    ../clib/microlib/init/entry.s            0x00000000   Number         0  entry11a.o ABSOLUTE
    ../clib/microlib/init/entry.s            0x00000000   Number         0  entry8a.o ABSOLUTE
    ../clib/microlib/init/entry.s            0x00000000   Number         0  entry11b.o ABSOLUTE
    ../clib/microlib/init/entry.s            0x00000000   Number         0  entry7b.o ABSOLUTE
    ../clib/microlib/init/entry.s            0x00000000   Number         0  entry7a.o ABSOLUTE
    ../clib/microlib/longlong.c              0x00000000   Number         0  llshl.o ABSOLUTE
    ../clib/microlib/longlong.c              0x00000000   Number         0  llushr.o ABSOLUTE
    ../clib/microlib/longlong.c              0x00000000   Number         0  llsshr.o ABSOLUTE
    ../clib/microlib/printf/printf.c         0x00000000   Number         0  printfa.o ABSOLUTE
    ../clib/microlib/printf/printf.c         0x00000000   Number         0  printf8.o ABSOLUTE
    ../clib/microlib/printf/printf.c         0x00000000   Number         0  printf7.o ABSOLUTE
    ../clib/microlib/printf/printf.c         0x00000000   Number         0  printf6.o ABSOLUTE
    ../clib/microlib/printf/printf.c         0x00000000   Number         0  printf5.o ABSOLUTE
    ../clib/microlib/printf/printf.c         0x00000000   Number         0  printf1.o ABSOLUTE
    ../clib/microlib/printf/printf.c         0x00000000   Number         0  printf4.o ABSOLUTE
    ../clib/microlib/printf/printf.c         0x00000000   Number         0  printf2.o ABSOLUTE
    ../clib/microlib/printf/printf.c         0x00000000   Number         0  printf0.o ABSOLUTE
    ../clib/microlib/printf/printf.c         0x00000000   Number         0  printfb.o ABSOLUTE
    ../clib/microlib/printf/printf.c         0x00000000   Number         0  printf3.o ABSOLUTE
    ../clib/microlib/printf/stubs.s          0x00000000   Number         0  stubs.o ABSOLUTE
    ../clib/microlib/stdio/fputc.c           0x00000000   Number         0  fputc.o ABSOLUTE
    ../clib/microlib/stdio/semi.s            0x00000000   Number         0  semi.o ABSOLUTE
    ../clib/microlib/stdio/streams.c         0x00000000   Number         0  stdout.o ABSOLUTE
    ../clib/microlib/stubs.s                 0x00000000   Number         0  iusefp.o ABSOLUTE
    ../clib/microlib/stubs.s                 0x00000000   Number         0  iusesemip.o ABSOLUTE
    ../clib/scanf.c                          0x00000000   Number         0  strtod.o ABSOLUTE
    ../clib/scanf.c                          0x00000000   Number         0  _sgetc.o ABSOLUTE
    ../clib/scanf.c                          0x00000000   Number         0  scanf_fp.o ABSOLUTE
    ../fplib/microlib/d2f.c                  0x00000000   Number         0  d2f.o ABSOLUTE
    ../fplib/microlib/f2d.c                  0x00000000   Number         0  f2d.o ABSOLUTE
    ../fplib/microlib/fpadd.c                0x00000000   Number         0  dadd.o ABSOLUTE
    ../fplib/microlib/fpdiv.c                0x00000000   Number         0  ddiv.o ABSOLUTE
    ../fplib/microlib/fpepilogue.c           0x00000000   Number         0  fepilogue.o ABSOLUTE
    ../fplib/microlib/fpepilogue.c           0x00000000   Number         0  depilogue.o ABSOLUTE
    ../fplib/microlib/fpfix.c                0x00000000   Number         0  dfixul.o ABSOLUTE
    ../fplib/microlib/fpfix.c                0x00000000   Number         0  dfixi.o ABSOLUTE
    ../fplib/microlib/fpflt.c                0x00000000   Number         0  dflti.o ABSOLUTE
    ../fplib/microlib/fpflt.c                0x00000000   Number         0  dfltui.o ABSOLUTE
    ../fplib/microlib/fpflt.c                0x00000000   Number         0  dfltul.o ABSOLUTE
    ../fplib/microlib/fpmul.c                0x00000000   Number         0  dmul.o ABSOLUTE
    ../fplib/microlib/fpneg.c                0x00000000   Number         0  dneg.o ABSOLUTE
    ../fplib/microlib/fpscalb.c              0x00000000   Number         0  dscalb.o ABSOLUTE
    ../fplib/microlib/fpsqrt.c               0x00000000   Number         0  dsqrt.o ABSOLUTE
    ../mathlib/atan.c                        0x00000000   Number         0  atan.o ABSOLUTE
    ../mathlib/atan.c                        0x00000000   Number         0  atan_x.o ABSOLUTE
    ../mathlib/atan2.c                       0x00000000   Number         0  atan2.o ABSOLUTE
    ../mathlib/atan2.c                       0x00000000   Number         0  atan2_x.o ABSOLUTE
    ../mathlib/atof.c                        0x00000000   Number         0  atof.o ABSOLUTE
    ../mathlib/cos.c                         0x00000000   Number         0  cos.o ABSOLUTE
    ../mathlib/cos.c                         0x00000000   Number         0  cos_x.o ABSOLUTE
    ../mathlib/cos_i.c                       0x00000000   Number         0  cos_i.o ABSOLUTE
    ../mathlib/dunder.c                      0x00000000   Number         0  dunder.o ABSOLUTE
    ../mathlib/fabs.c                        0x00000000   Number         0  fabs.o ABSOLUTE
    ../mathlib/fpclassify.c                  0x00000000   Number         0  fpclassify.o ABSOLUTE
    ../mathlib/poly.c                        0x00000000   Number         0  poly.o ABSOLUTE
    ../mathlib/pow.c                         0x00000000   Number         0  pow_x.o ABSOLUTE
    ../mathlib/pow.c                         0x00000000   Number         0  pow.o ABSOLUTE
    ../mathlib/qnan.c                        0x00000000   Number         0  qnan.o ABSOLUTE
    ../mathlib/rred.c                        0x00000000   Number         0  rred.o ABSOLUTE
    ../mathlib/sin.c                         0x00000000   Number         0  sin_x.o ABSOLUTE
    ../mathlib/sin.c                         0x00000000   Number         0  sin.o ABSOLUTE
    ../mathlib/sin_i.c                       0x00000000   Number         0  sin_i.o ABSOLUTE
    ../mathlib/sin_i.c                       0x00000000   Number         0  sin_i_x.o ABSOLUTE
    ../mathlib/sqrt.c                        0x00000000   Number         0  sqrt.o ABSOLUTE
    ../mathlib/sqrt.c                        0x00000000   Number         0  sqrt_x.o ABSOLUTE
    Second Milestone (Final)\App\App.c       0x00000000   Number         0  app.o ABSOLUTE
    Second Milestone (Final)\HAL\GPS\GPS.c   0x00000000   Number         0  gps.o ABSOLUTE
    Second Milestone (Final)\HAL\LCD\LCD.c   0x00000000   Number         0  lcd.o ABSOLUTE
    Second Milestone (Final)\HAL\LED_BUZZER\LED_BUZZER.c 0x00000000   Number         0  led_buzzer.o ABSOLUTE
    Second Milestone (Final)\HAL\SWITCH_BTN\SWITCH_BTN.c 0x00000000   Number         0  switch_btn.o ABSOLUTE
    Second Milestone (Final)\MCAL\GPIO\GPIO.c 0x00000000   Number         0  gpio.o ABSOLUTE
    Second Milestone (Final)\MCAL\SYSTICK\SYSTICK.c 0x00000000   Number         0  systick.o ABSOLUTE
    Second Milestone (Final)\MCAL\TIMER\TIMER.c 0x00000000   Number         0  timer.o ABSOLUTE
    Second Milestone (Final)\MCAL\UART\UART.c 0x00000000   Number         0  uart.o ABSOLUTE
    Second Milestone (Final)\\App\\App.c     0x00000000   Number         0  app.o ABSOLUTE
    Second Milestone (Final)\\HAL\\LCD\\LCD.c 0x00000000   Number         0  lcd.o ABSOLUTE
    Services - Utilities\startup_TM4C123.s   0x00000000   Number         0  startup_tm4c123.o ABSOLUTE
    Services - Utilities\system_TM4C123.c    0x00000000   Number         0  system_tm4c123.o ABSOLUTE
    cdcmple.s                                0x00000000   Number         0  cdcmple.o ABSOLUTE
    cdrcmple.s                               0x00000000   Number         0  cdrcmple.o ABSOLUTE
    dc.s                                     0x00000000   Number         0  dc.o ABSOLUTE
    handlers.s                               0x00000000   Number         0  handlers.o ABSOLUTE
    init.s                                   0x00000000   Number         0  init.o ABSOLUTE
    .ARM.Collect$$$$00000000                 0x0000026c   Section        0  entry.o(.ARM.Collect$$$$00000000)
    .ARM.Collect$$$$00000001                 0x0000026c   Section        4  entry2.o(.ARM.Collect$$$$00000001)
    .ARM.Collect$$$$00000004                 0x00000270   Section        4  entry5.o(.ARM.Collect$$$$00000004)
    .ARM.Collect$$$$00000008                 0x00000274   Section        0  entry7b.o(.ARM.Collect$$$$00000008)
    .ARM.Collect$$$$0000000A                 0x00000274   Section        0  entry8b.o(.ARM.Collect$$$$0000000A)
    .ARM.Collect$$$$0000000B                 0x00000274   Section        8  entry9a.o(.ARM.Collect$$$$0000000B)
    .ARM.Collect$$$$0000000D                 0x0000027c   Section        0  entry10a.o(.ARM.Collect$$$$0000000D)
    .ARM.Collect$$$$0000000F                 0x0000027c   Section        0  entry11a.o(.ARM.Collect$$$$0000000F)
    .ARM.Collect$$$$00002712                 0x0000027c   Section        4  entry2.o(.ARM.Collect$$$$00002712)
    __lit__00000000                          0x0000027c   Data           4  entry2.o(.ARM.Collect$$$$00002712)
    .text                                    0x00000280   Section        0  app.o(.text)
    .text                                    0x000007b8   Section        0  gpio.o(.text)
    .text                                    0x00000ca0   Section        0  systick.o(.text)
    .text                                    0x00000cd0   Section        0  uart.o(.text)
    .text                                    0x0000100c   Section        0  gps.o(.text)
    .text                                    0x00001594   Section      268  startup_tm4c123.o(.text)
    $v0                                      0x00001594   Number         0  startup_tm4c123.o(.text)
    .text                                    0x000016a0   Section        0  lcd.o(.text)
    SysTick_Wait1ms                          0x000016a1   Thumb Code    26  lcd.o(.text)
    LCD_WritePins                            0x000016c7   Thumb Code   302  lcd.o(.text)
    SysTick_Init                             0x00001849   Thumb Code    24  lcd.o(.text)
    .text                                    0x000019b4   Section        0  led_buzzer.o(.text)
    .text                                    0x00001a30   Section        0  timer.o(.text)
    .text                                    0x00001b80   Section        0  switch_btn.o(.text)
    .text                                    0x00001ba4   Section        0  dadd.o(.text)
    .text                                    0x00001cf2   Section        0  dmul.o(.text)
    .text                                    0x00001dd6   Section        0  ddiv.o(.text)
    .text                                    0x00001eb4   Section        0  dflti.o(.text)
    .text                                    0x00001ed6   Section        0  f2d.o(.text)
    .text                                    0x00001efc   Section       40  cdcmple.o(.text)
    .text                                    0x00001f24   Section        0  d2f.o(.text)
    .text                                    0x00001f5c   Section        0  uidiv.o(.text)
    .text                                    0x00001f88   Section        0  llshl.o(.text)
    .text                                    0x00001fa6   Section        0  llsshr.o(.text)
    .text                                    0x00001fcc   Section        0  strtod.o(.text)
    _local_sscanf                            0x00001fcd   Thumb Code    54  strtod.o(.text)
    .text                                    0x00002068   Section        0  fepilogue.o(.text)
    .text                                    0x00002068   Section        0  iusefp.o(.text)
    .text                                    0x000020d4   Section        0  depilogue.o(.text)
    .text                                    0x00002192   Section        0  dscalb.o(.text)
    .text                                    0x000021c0   Section        0  dsqrt.o(.text)
    .text                                    0x00002264   Section       40  cdrcmple.o(.text)
    .text                                    0x0000228c   Section       36  init.o(.text)
    .text                                    0x000022b0   Section        0  llushr.o(.text)
    .text                                    0x000022d0   Section        0  isspace_c.o(.text)
    .text                                    0x000022dc   Section        0  scanf_fp.o(.text)
    _fp_value                                0x000022dd   Thumb Code   256  scanf_fp.o(.text)
    .text                                    0x00002618   Section        0  _sgetc.o(.text)
    .text                                    0x00002658   Section        0  dfltui.o(.text)
    .text                                    0x00002672   Section        0  dfixi.o(.text)
    .text                                    0x000026b0   Section        0  ctype_c.o(.text)
    .text                                    0x000026d8   Section        0  dfltul.o(.text)
    i.__0sprintf$1                           0x000026f0   Section        0  printf1.o(i.__0sprintf$1)
    i.__ARM_fpclassify                       0x00002718   Section        0  fpclassify.o(i.__ARM_fpclassify)
    i.__hardfp_atan                          0x00002748   Section        0  atan.o(i.__hardfp_atan)
    i.__hardfp_atan2                         0x00002a30   Section        0  atan2.o(i.__hardfp_atan2)
    i.__hardfp_atof                          0x00002c10   Section        0  atof.o(i.__hardfp_atof)
    i.__hardfp_cos                           0x00002c48   Section        0  cos.o(i.__hardfp_cos)
    i.__hardfp_pow                           0x00002d20   Section        0  pow.o(i.__hardfp_pow)
    i.__hardfp_sin                           0x000039b0   Section        0  sin.o(i.__hardfp_sin)
    i.__hardfp_sqrt                          0x00003a88   Section        0  sqrt.o(i.__hardfp_sqrt)
    i.__ieee754_rem_pio2                     0x00003b08   Section        0  rred.o(i.__ieee754_rem_pio2)
    i.__kernel_cos                           0x00003f60   Section        0  cos_i.o(i.__kernel_cos)
    i.__kernel_poly                          0x000040d0   Section        0  poly.o(i.__kernel_poly)
    i.__kernel_sin                           0x000041c8   Section        0  sin_i.o(i.__kernel_sin)
    i.__mathlib_dbl_underflow                0x000042f8   Section        0  dunder.o(i.__mathlib_dbl_underflow)
    i.__read_errno                           0x00004318   Section        0  errno.o(i.__read_errno)
    i.__scatterload_copy                     0x00004324   Section       14  handlers.o(i.__scatterload_copy)
    i.__scatterload_null                     0x00004332   Section        2  handlers.o(i.__scatterload_null)
    i.__scatterload_zeroinit                 0x00004334   Section       14  handlers.o(i.__scatterload_zeroinit)
    i.__set_errno                            0x00004344   Section        0  errno.o(i.__set_errno)
    i._is_digit                              0x00004350   Section        0  scanf_fp.o(i._is_digit)
    i._printf_core                           0x00004360   Section        0  printf1.o(i._printf_core)
    _printf_core                             0x00004361   Thumb Code   334  printf1.o(i._printf_core)
    i._sputc                                 0x000044b4   Section        0  printf1.o(i._sputc)
    _sputc                                   0x000044b5   Thumb Code    10  printf1.o(i._sputc)
    i.atan                                   0x000044be   Section        0  atan.o(i.atan)
    i.fabs                                   0x000044ce   Section        0  fabs.o(i.fabs)
    i.sqrt                                   0x000044ee   Section        0  sqrt.o(i.sqrt)
    .constdata                               0x0000455c   Section        4  gps.o(.constdata)
    .constdata                               0x00004560   Section      136  pow.o(.constdata)
    bp                                       0x00004560   Data          16  pow.o(.constdata)
    dp_h                                     0x00004570   Data          16  pow.o(.constdata)
    dp_l                                     0x00004580   Data          16  pow.o(.constdata)
    L                                        0x00004590   Data          48  pow.o(.constdata)
    P                                        0x000045c0   Data          40  pow.o(.constdata)
    .constdata                               0x000045e8   Section      152  atan.o(.constdata)
    atanhi                                   0x000045e8   Data          32  atan.o(.constdata)
    atanlo                                   0x00004608   Data          32  atan.o(.constdata)
    aTodd                                    0x00004628   Data          40  atan.o(.constdata)
    aTeven                                   0x00004650   Data          48  atan.o(.constdata)
    .constdata                               0x00004680   Section       48  cos_i.o(.constdata)
    C                                        0x00004680   Data          48  cos_i.o(.constdata)
    .constdata                               0x000046b0   Section        8  qnan.o(.constdata)
    .constdata                               0x000046b8   Section      200  rred.o(.constdata)
    pio2s                                    0x000046b8   Data          48  rred.o(.constdata)
    twooverpi                                0x000046e8   Data         152  rred.o(.constdata)
    .constdata                               0x00004780   Section       40  sin_i.o(.constdata)
    S                                        0x00004780   Data          40  sin_i.o(.constdata)
    .constdata                               0x000047a8   Section       64  ctype_c.o(.constdata)
    .data                                    0x20000000   Section       45  app.o(.data)
    .data                                    0x20000030   Section       48  gps.o(.data)
    .data                                    0x20000060   Section        1  led_buzzer.o(.data)
    .data                                    0x20000064   Section       13  timer.o(.data)
    .data                                    0x20000074   Section        4  switch_btn.o(.data)
    .data                                    0x20000078   Section        4  errno.o(.data)
    _errno                                   0x20000078   Data           4  errno.o(.data)
    .bss                                     0x2000007c   Section       30  app.o(.bss)
    STACK                                    0x200000a0   Section      512  startup_tm4c123.o(STACK)

    Global Symbols

    Symbol Name                              Value     Ov Type        Size  Object(Section)

    BuildAttributes$$THM_ISAv4$E$P$D$K$B$S$7EM$VFPi3$EXTD16$VFPS$VFMA$PE$A:L22UL41UL21$X:L11$S22US41US21$IEEE1$IW$USESV6$~STKCKD$USESV7$~SHL$OTIME$ROPI$IEEEX$EBA8$MICROLIB$REQ8$PRES8$EABIv2 0x00000000   Number         0  anon$$obj.o ABSOLUTE
    __ARM_use_no_argv                        0x00000000   Number         0  app.o ABSOLUTE
    __Vectors                                0x00000000   Data           4  startup_tm4c123.o(RESET)
    _printf_a                                0x00000000   Number         0  stubs.o ABSOLUTE
    _printf_c                                0x00000000   Number         0  stubs.o ABSOLUTE
    _printf_charcount                        0x00000000   Number         0  stubs.o ABSOLUTE
    _printf_d                                0x00000000   Number         0  stubs.o ABSOLUTE
    _printf_e                                0x00000000   Number         0  stubs.o ABSOLUTE
    _printf_f                                0x00000000   Number         0  stubs.o ABSOLUTE
    _printf_flags                            0x00000000   Number         0  stubs.o ABSOLUTE
    _printf_fp_dec                           0x00000000   Number         0  stubs.o ABSOLUTE
    _printf_fp_hex                           0x00000000   Number         0  stubs.o ABSOLUTE
    _printf_g                                0x00000000   Number         0  stubs.o ABSOLUTE
    _printf_i                                0x00000000   Number         0  stubs.o ABSOLUTE
    _printf_int_dec                          0x00000000   Number         0  stubs.o ABSOLUTE
    _printf_l                                0x00000000   Number         0  stubs.o ABSOLUTE
    _printf_lc                               0x00000000   Number         0  stubs.o ABSOLUTE
    _printf_ll                               0x00000000   Number         0  stubs.o ABSOLUTE
    _printf_lld                              0x00000000   Number         0  stubs.o ABSOLUTE
    _printf_lli                              0x00000000   Number         0  stubs.o ABSOLUTE
    _printf_llo                              0x00000000   Number         0  stubs.o ABSOLUTE
    _printf_llu                              0x00000000   Number         0  stubs.o ABSOLUTE
    _printf_llx                              0x00000000   Number         0  stubs.o ABSOLUTE
    _printf_longlong_dec                     0x00000000   Number         0  stubs.o ABSOLUTE
    _printf_longlong_hex                     0x00000000   Number         0  stubs.o ABSOLUTE
    _printf_longlong_oct                     0x00000000   Number         0  stubs.o ABSOLUTE
    _printf_ls                               0x00000000   Number         0  stubs.o ABSOLUTE
    _printf_mbtowc                           0x00000000   Number         0  stubs.o ABSOLUTE
    _printf_n                                0x00000000   Number         0  stubs.o ABSOLUTE
    _printf_o                                0x00000000   Number         0  stubs.o ABSOLUTE
    _printf_p                                0x00000000   Number         0  stubs.o ABSOLUTE
    _printf_percent                          0x00000000   Number         0  stubs.o ABSOLUTE
    _printf_pre_padding                      0x00000000   Number         0  stubs.o ABSOLUTE
    _printf_return_value                     0x00000000   Number         0  stubs.o ABSOLUTE
    _printf_s                                0x00000000   Number         0  stubs.o ABSOLUTE
    _printf_sizespec                         0x00000000   Number         0  stubs.o ABSOLUTE
    _printf_str                              0x00000000   Number         0  stubs.o ABSOLUTE
    _printf_truncate_signed                  0x00000000   Number         0  stubs.o ABSOLUTE
    _printf_truncate_unsigned                0x00000000   Number         0  stubs.o ABSOLUTE
    _printf_u                                0x00000000   Number         0  stubs.o ABSOLUTE
    _printf_wc                               0x00000000   Number         0  stubs.o ABSOLUTE
    _printf_wctomb                           0x00000000   Number         0  stubs.o ABSOLUTE
    _printf_widthprec                        0x00000000   Number         0  stubs.o ABSOLUTE
    _printf_x                                0x00000000   Number         0  stubs.o ABSOLUTE
    __cpp_initialize__aeabi_                  - Undefined Weak Reference
    __cxa_finalize                            - Undefined Weak Reference
    __decompress                              - Undefined Weak Reference
    _clock_init                               - Undefined Weak Reference
    _microlib_exit                            - Undefined Weak Reference
    __Vectors_End                            0x0000026c   Data           0  startup_tm4c123.o(RESET)
    __Vectors_Size                           0x0000026c   Number         0  startup_tm4c123.o ABSOLUTE
    __main                                   0x0000026d   Thumb Code     0  entry.o(.ARM.Collect$$$$00000000)
    _main_stk                                0x0000026d   Thumb Code     0  entry2.o(.ARM.Collect$$$$00000001)
    _main_scatterload                        0x00000271   Thumb Code     0  entry5.o(.ARM.Collect$$$$00000004)
    __main_after_scatterload                 0x00000275   Thumb Code     0  entry5.o(.ARM.Collect$$$$00000004)
    _main_clock                              0x00000275   Thumb Code     0  entry7b.o(.ARM.Collect$$$$00000008)
    _main_cpp_init                           0x00000275   Thumb Code     0  entry8b.o(.ARM.Collect$$$$0000000A)
    _main_init                               0x00000275   Thumb Code     0  entry9a.o(.ARM.Collect$$$$0000000B)
    __rt_final_cpp                           0x0000027d   Thumb Code     0  entry10a.o(.ARM.Collect$$$$0000000D)
    __rt_final_exit                          0x0000027d   Thumb Code     0  entry11a.o(.ARM.Collect$$$$0000000F)
    main                                     0x00000281   Thumb Code   932  app.o(.text)
    GPIO_InitPort                            0x000007b9   Thumb Code   322  gpio.o(.text)
    GPIO_SetPortValue                        0x000008fb   Thumb Code    52  gpio.o(.text)
    GPIO_SetPinDirection                     0x0000092f   Thumb Code   354  gpio.o(.text)
    GPIO_SetPinValue                         0x00000a91   Thumb Code   396  gpio.o(.text)
    GPIO_GetPinValue                         0x00000c1d   Thumb Code    94  gpio.o(.text)
    Button_Read                              0x00000c7b   Thumb Code    16  gpio.o(.text)
    wait_ms                                  0x00000ca1   Thumb Code    48  systick.o(.text)
    UART0_Init                               0x00000cd1   Thumb Code   160  uart.o(.text)
    UART0_CharRX                             0x00000d71   Thumb Code    20  uart.o(.text)
    UART0_CharTX                             0x00000d85   Thumb Code    18  uart.o(.text)
    UART0_StringTX                           0x00000d97   Thumb Code    22  uart.o(.text)
    UART0_StringTX_withLen                   0x00000dad   Thumb Code    28  uart.o(.text)
    UART0_StringRX                           0x00000dc9   Thumb Code    32  uart.o(.text)
    UART1_Init                               0x00000de9   Thumb Code   160  uart.o(.text)
    UART1_CharRX                             0x00000e89   Thumb Code    20  uart.o(.text)
    UART1_CharTX                             0x00000e9d   Thumb Code    18  uart.o(.text)
    UART1_StringTX                           0x00000eaf   Thumb Code    22  uart.o(.text)
    UART1_StringRX                           0x00000ec5   Thumb Code    32  uart.o(.text)
    UART2_Init                               0x00000ee5   Thumb Code   160  uart.o(.text)
    UART2_CharRX                             0x00000f85   Thumb Code    20  uart.o(.text)
    UART2_CharTX                             0x00000f99   Thumb Code    18  uart.o(.text)
    UART2_StringTX                           0x00000fab   Thumb Code    22  uart.o(.text)
    UART2_StringRX                           0x00000fc1   Thumb Code    32  uart.o(.text)
    is_match                                 0x0000100d   Thumb Code   110  gps.o(.text)
    readGPS                                  0x0000107b   Thumb Code   220  gps.o(.text)
    ToDegree                                 0x00001157   Thumb Code   156  gps.o(.text)
    ToRad                                    0x000011f3   Thumb Code   104  gps.o(.text)
    GPS_getDistance                          0x0000125b   Thumb Code   570  gps.o(.text)
    GPS_getNearestPlace                      0x00001495   Thumb Code   132  gps.o(.text)
    GPS_get_Distance_from_SELECTED_Place     0x00001519   Thumb Code   122  gps.o(.text)
    Reset_Handler                            0x00001595   Thumb Code    24  startup_tm4c123.o(.text)
    NMI_Handler                              0x000015ad   Thumb Code     2  startup_tm4c123.o(.text)
    HardFault_Handler                        0x000015af   Thumb Code     2  startup_tm4c123.o(.text)
    MemManage_Handler                        0x000015b1   Thumb Code     2  startup_tm4c123.o(.text)
    BusFault_Handler                         0x000015b3   Thumb Code     2  startup_tm4c123.o(.text)
    UsageFault_Handler                       0x000015b5   Thumb Code     2  startup_tm4c123.o(.text)
    SVC_Handler                              0x000015b7   Thumb Code     2  startup_tm4c123.o(.text)
    DebugMon_Handler                         0x000015b9   Thumb Code     2  startup_tm4c123.o(.text)
    PendSV_Handler                           0x000015bb   Thumb Code     2  startup_tm4c123.o(.text)
    SysTick_Handler                          0x000015bd   Thumb Code     2  startup_tm4c123.o(.text)
    GPIOA_Handler                            0x000015bf   Thumb Code     2  startup_tm4c123.o(.text)
    GPIOB_Handler                            0x000015c1   Thumb Code     2  startup_tm4c123.o(.text)
    GPIOC_Handler                            0x000015c3   Thumb Code     2  startup_tm4c123.o(.text)
    GPIOD_Handler                            0x000015c5   Thumb Code     2  startup_tm4c123.o(.text)
    GPIOE_Handler                            0x000015c7   Thumb Code     2  startup_tm4c123.o(.text)
    UART0_Handler                            0x000015c9   Thumb Code     2  startup_tm4c123.o(.text)
    UART1_Handler                            0x000015cb   Thumb Code     2  startup_tm4c123.o(.text)
    SSI0_Handler                             0x000015cd   Thumb Code     2  startup_tm4c123.o(.text)
    I2C0_Handler                             0x000015cf   Thumb Code     2  startup_tm4c123.o(.text)
    PMW0_FAULT_Handler                       0x000015d1   Thumb Code     2  startup_tm4c123.o(.text)
    PWM0_0_Handler                           0x000015d3   Thumb Code     2  startup_tm4c123.o(.text)
    PWM0_1_Handler                           0x000015d5   Thumb Code     2  startup_tm4c123.o(.text)
    PWM0_2_Handler                           0x000015d7   Thumb Code     2  startup_tm4c123.o(.text)
    QEI0_Handler                             0x000015d9   Thumb Code     2  startup_tm4c123.o(.text)
    ADC0SS0_Handler                          0x000015db   Thumb Code     2  startup_tm4c123.o(.text)
    ADC0SS1_Handler                          0x000015dd   Thumb Code     2  startup_tm4c123.o(.text)
    ADC0SS2_Handler                          0x000015df   Thumb Code     2  startup_tm4c123.o(.text)
    ADC0SS3_Handler                          0x000015e1   Thumb Code     2  startup_tm4c123.o(.text)
    WDT0_Handler                             0x000015e3   Thumb Code     2  startup_tm4c123.o(.text)
    TIMER0B_Handler                          0x000015e7   Thumb Code     2  startup_tm4c123.o(.text)
    TIMER1A_Handler                          0x000015e9   Thumb Code     2  startup_tm4c123.o(.text)
    TIMER1B_Handler                          0x000015eb   Thumb Code     2  startup_tm4c123.o(.text)
    TIMER2A_Handler                          0x000015ed   Thumb Code     2  startup_tm4c123.o(.text)
    TIMER2B_Handler                          0x000015ef   Thumb Code     2  startup_tm4c123.o(.text)
    COMP0_Handler                            0x000015f1   Thumb Code     2  startup_tm4c123.o(.text)
    COMP1_Handler                            0x000015f3   Thumb Code     2  startup_tm4c123.o(.text)
    COMP2_Handler                            0x000015f5   Thumb Code     2  startup_tm4c123.o(.text)
    SYSCTL_Handler                           0x000015f7   Thumb Code     2  startup_tm4c123.o(.text)
    FLASH_Handler                            0x000015f9   Thumb Code     2  startup_tm4c123.o(.text)
    GPIOF_Handler                            0x000015fb   Thumb Code     2  startup_tm4c123.o(.text)
    GPIOG_Handler                            0x000015fd   Thumb Code     2  startup_tm4c123.o(.text)
    GPIOH_Handler                            0x000015ff   Thumb Code     2  startup_tm4c123.o(.text)
    UART2_Handler                            0x00001601   Thumb Code     2  startup_tm4c123.o(.text)
    SSI1_Handler                             0x00001603   Thumb Code     2  startup_tm4c123.o(.text)
    TIMER3A_Handler                          0x00001605   Thumb Code     2  startup_tm4c123.o(.text)
    TIMER3B_Handler                          0x00001607   Thumb Code     2  startup_tm4c123.o(.text)
    I2C1_Handler                             0x00001609   Thumb Code     2  startup_tm4c123.o(.text)
    QEI1_Handler                             0x0000160b   Thumb Code     2  startup_tm4c123.o(.text)
    CAN0_Handler                             0x0000160d   Thumb Code     2  startup_tm4c123.o(.text)
    CAN1_Handler                             0x0000160f   Thumb Code     2  startup_tm4c123.o(.text)
    CAN2_Handler                             0x00001611   Thumb Code     2  startup_tm4c123.o(.text)
    HIB_Handler                              0x00001613   Thumb Code     2  startup_tm4c123.o(.text)
    USB0_Handler                             0x00001615   Thumb Code     2  startup_tm4c123.o(.text)
    PWM0_3_Handler                           0x00001617   Thumb Code     2  startup_tm4c123.o(.text)
    UDMA_Handler                             0x00001619   Thumb Code     2  startup_tm4c123.o(.text)
    UDMAERR_Handler                          0x0000161b   Thumb Code     2  startup_tm4c123.o(.text)
    ADC1SS0_Handler                          0x0000161d   Thumb Code     2  startup_tm4c123.o(.text)
    ADC1SS1_Handler                          0x0000161f   Thumb Code     2  startup_tm4c123.o(.text)
    ADC1SS2_Handler                          0x00001621   Thumb Code     2  startup_tm4c123.o(.text)
    ADC1SS3_Handler                          0x00001623   Thumb Code     2  startup_tm4c123.o(.text)
    GPIOJ_Handler                            0x00001625   Thumb Code     2  startup_tm4c123.o(.text)
    GPIOK_Handler                            0x00001627   Thumb Code     2  startup_tm4c123.o(.text)
    GPIOL_Handler                            0x00001629   Thumb Code     2  startup_tm4c123.o(.text)
    SSI2_Handler                             0x0000162b   Thumb Code     2  startup_tm4c123.o(.text)
    SSI3_Handler                             0x0000162d   Thumb Code     2  startup_tm4c123.o(.text)
    UART3_Handler                            0x0000162f   Thumb Code     2  startup_tm4c123.o(.text)
    UART4_Handler                            0x00001631   Thumb Code     2  startup_tm4c123.o(.text)
    UART5_Handler                            0x00001633   Thumb Code     2  startup_tm4c123.o(.text)
    UART6_Handler                            0x00001635   Thumb Code     2  startup_tm4c123.o(.text)
    UART7_Handler                            0x00001637   Thumb Code     2  startup_tm4c123.o(.text)
    I2C2_Handler                             0x00001639   Thumb Code     2  startup_tm4c123.o(.text)
    I2C3_Handler                             0x0000163b   Thumb Code     2  startup_tm4c123.o(.text)
    TIMER4A_Handler                          0x0000163d   Thumb Code     2  startup_tm4c123.o(.text)
    TIMER4B_Handler                          0x0000163f   Thumb Code     2  startup_tm4c123.o(.text)
    TIMER5A_Handler                          0x00001641   Thumb Code     2  startup_tm4c123.o(.text)
    TIMER5B_Handler                          0x00001643   Thumb Code     2  startup_tm4c123.o(.text)
    WTIMER0A_Handler                         0x00001645   Thumb Code     2  startup_tm4c123.o(.text)
    WTIMER0B_Handler                         0x00001647   Thumb Code     2  startup_tm4c123.o(.text)
    WTIMER1A_Handler                         0x00001649   Thumb Code     2  startup_tm4c123.o(.text)
    WTIMER1B_Handler                         0x0000164b   Thumb Code     2  startup_tm4c123.o(.text)
    WTIMER2A_Handler                         0x0000164d   Thumb Code     2  startup_tm4c123.o(.text)
    WTIMER2B_Handler                         0x0000164f   Thumb Code     2  startup_tm4c123.o(.text)
    WTIMER3A_Handler                         0x00001651   Thumb Code     2  startup_tm4c123.o(.text)
    WTIMER3B_Handler                         0x00001653   Thumb Code     2  startup_tm4c123.o(.text)
    WTIMER4A_Handler                         0x00001655   Thumb Code     2  startup_tm4c123.o(.text)
    WTIMER4B_Handler                         0x00001657   Thumb Code     2  startup_tm4c123.o(.text)
    WTIMER5A_Handler                         0x00001659   Thumb Code     2  startup_tm4c123.o(.text)
    WTIMER5B_Handler                         0x0000165b   Thumb Code     2  startup_tm4c123.o(.text)
    FPU_Handler                              0x0000165d   Thumb Code     2  startup_tm4c123.o(.text)
    I2C4_Handler                             0x0000165f   Thumb Code     2  startup_tm4c123.o(.text)
    I2C5_Handler                             0x00001661   Thumb Code     2  startup_tm4c123.o(.text)
    GPIOM_Handler                            0x00001663   Thumb Code     2  startup_tm4c123.o(.text)
    GPION_Handler                            0x00001665   Thumb Code     2  startup_tm4c123.o(.text)
    QEI2_Handler                             0x00001667   Thumb Code     2  startup_tm4c123.o(.text)
    GPIOP0_Handler                           0x00001669   Thumb Code     2  startup_tm4c123.o(.text)
    GPIOP1_Handler                           0x0000166b   Thumb Code     2  startup_tm4c123.o(.text)
    GPIOP2_Handler                           0x0000166d   Thumb Code     2  startup_tm4c123.o(.text)
    GPIOP3_Handler                           0x0000166f   Thumb Code     2  startup_tm4c123.o(.text)
    GPIOP4_Handler                           0x00001671   Thumb Code     2  startup_tm4c123.o(.text)
    GPIOP5_Handler                           0x00001673   Thumb Code     2  startup_tm4c123.o(.text)
    GPIOP6_Handler                           0x00001675   Thumb Code     2  startup_tm4c123.o(.text)
    GPIOP7_Handler                           0x00001677   Thumb Code     2  startup_tm4c123.o(.text)
    GPIOQ0_Handler                           0x00001679   Thumb Code     2  startup_tm4c123.o(.text)
    GPIOQ1_Handler                           0x0000167b   Thumb Code     2  startup_tm4c123.o(.text)
    GPIOQ2_Handler                           0x0000167d   Thumb Code     2  startup_tm4c123.o(.text)
    GPIOQ3_Handler                           0x0000167f   Thumb Code     2  startup_tm4c123.o(.text)
    GPIOQ4_Handler                           0x00001681   Thumb Code     2  startup_tm4c123.o(.text)
    GPIOQ5_Handler                           0x00001683   Thumb Code     2  startup_tm4c123.o(.text)
    GPIOQ6_Handler                           0x00001685   Thumb Code     2  startup_tm4c123.o(.text)
    GPIOQ7_Handler                           0x00001687   Thumb Code     2  startup_tm4c123.o(.text)
    GPIOR_Handler                            0x00001689   Thumb Code     2  startup_tm4c123.o(.text)
    GPIOS_Handler                            0x0000168b   Thumb Code     2  startup_tm4c123.o(.text)
    PMW1_0_Handler                           0x0000168d   Thumb Code     2  startup_tm4c123.o(.text)
    PWM1_1_Handler                           0x0000168f   Thumb Code     2  startup_tm4c123.o(.text)
    PWM1_2_Handler                           0x00001691   Thumb Code     2  startup_tm4c123.o(.text)
    PWM1_3_Handler                           0x00001693   Thumb Code     2  startup_tm4c123.o(.text)
    PWM1_FAULT_Handler                       0x00001695   Thumb Code     2  startup_tm4c123.o(.text)
    delay_ms                                 0x000016bb   Thumb Code    12  lcd.o(.text)
    LCD_Command                              0x000017f5   Thumb Code    84  lcd.o(.text)
    LCD_Init                                 0x00001861   Thumb Code   180  lcd.o(.text)
    LCD_Data                                 0x00001915   Thumb Code    84  lcd.o(.text)
    LCD_String                               0x00001969   Thumb Code    22  lcd.o(.text)
    Alert_If_Close                           0x000019b5   Thumb Code   108  led_buzzer.o(.text)
    Timer0A_Init                             0x00001a31   Thumb Code    88  timer.o(.text)
    Timer_Start                              0x00001a89   Thumb Code    20  timer.o(.text)
    Timer_Pause                              0x00001a9d   Thumb Code    20  timer.o(.text)
    Timer_Reset                              0x00001ab1   Thumb Code    12  timer.o(.text)
    TIMER0A_Handler                          0x00001abd   Thumb Code   144  timer.o(.text)
    switch_state                             0x00001b81   Thumb Code    24  switch_btn.o(.text)
    select_state                             0x00001b99   Thumb Code     6  switch_btn.o(.text)
    __aeabi_dadd                             0x00001ba5   Thumb Code   322  dadd.o(.text)
    __aeabi_dsub                             0x00001ce7   Thumb Code     6  dadd.o(.text)
    __aeabi_drsub                            0x00001ced   Thumb Code     6  dadd.o(.text)
    __aeabi_dmul                             0x00001cf3   Thumb Code   228  dmul.o(.text)
    __aeabi_ddiv                             0x00001dd7   Thumb Code   222  ddiv.o(.text)
    __aeabi_i2d                              0x00001eb5   Thumb Code    34  dflti.o(.text)
    __aeabi_f2d                              0x00001ed7   Thumb Code    38  f2d.o(.text)
    __aeabi_cdcmpeq                          0x00001efd   Thumb Code     0  cdcmple.o(.text)
    __aeabi_cdcmple                          0x00001efd   Thumb Code    38  cdcmple.o(.text)
    __aeabi_d2f                              0x00001f25   Thumb Code    56  d2f.o(.text)
    __aeabi_uidiv                            0x00001f5d   Thumb Code     0  uidiv.o(.text)
    __aeabi_uidivmod                         0x00001f5d   Thumb Code    44  uidiv.o(.text)
    __aeabi_llsl                             0x00001f89   Thumb Code    30  llshl.o(.text)
    _ll_shift_l                              0x00001f89   Thumb Code     0  llshl.o(.text)
    __aeabi_lasr                             0x00001fa7   Thumb Code    36  llsshr.o(.text)
    _ll_sshift_r                             0x00001fa7   Thumb Code     0  llsshr.o(.text)
    __strtod_int                             0x00002003   Thumb Code    88  strtod.o(.text)
    __I$use$fp                               0x00002069   Thumb Code     0  iusefp.o(.text)
    _float_round                             0x00002069   Thumb Code    18  fepilogue.o(.text)
    _float_epilogue                          0x0000207b   Thumb Code    90  fepilogue.o(.text)
    _double_round                            0x000020d5   Thumb Code    26  depilogue.o(.text)
    _double_epilogue                         0x000020ef   Thumb Code   164  depilogue.o(.text)
    __ARM_scalbn                             0x00002193   Thumb Code    46  dscalb.o(.text)
    scalbn                                   0x00002193   Thumb Code     0  dscalb.o(.text)
    _dsqrt                                   0x000021c1   Thumb Code   162  dsqrt.o(.text)
    __aeabi_cdrcmple                         0x00002265   Thumb Code    38  cdrcmple.o(.text)
    __scatterload                            0x0000228d   Thumb Code    28  init.o(.text)
    __scatterload_rt2                        0x0000228d   Thumb Code     0  init.o(.text)
    __aeabi_llsr                             0x000022b1   Thumb Code    32  llushr.o(.text)
    _ll_ushift_r                             0x000022b1   Thumb Code     0  llushr.o(.text)
    isspace                                  0x000022d1   Thumb Code    10  isspace_c.o(.text)
    _scanf_real                              0x000023dd   Thumb Code     0  scanf_fp.o(.text)
    _scanf_really_real                       0x000023dd   Thumb Code   560  scanf_fp.o(.text)
    _sgetc                                   0x00002619   Thumb Code    30  _sgetc.o(.text)
    _sbackspace                              0x00002637   Thumb Code    34  _sgetc.o(.text)
    __aeabi_ui2d                             0x00002659   Thumb Code    26  dfltui.o(.text)
    __aeabi_d2iz                             0x00002673   Thumb Code    62  dfixi.o(.text)
    __ctype_lookup                           0x000026b1   Thumb Code    34  ctype_c.o(.text)
    __aeabi_ul2d                             0x000026d9   Thumb Code    24  dfltul.o(.text)
    __0sprintf$1                             0x000026f1   Thumb Code    34  printf1.o(i.__0sprintf$1)
    __1sprintf$1                             0x000026f1   Thumb Code     0  printf1.o(i.__0sprintf$1)
    __2sprintf                               0x000026f1   Thumb Code     0  printf1.o(i.__0sprintf$1)
    __ARM_fpclassify                         0x00002719   Thumb Code    48  fpclassify.o(i.__ARM_fpclassify)
    __hardfp_atan                            0x00002749   Thumb Code   636  atan.o(i.__hardfp_atan)
    __hardfp_atan2                           0x00002a31   Thumb Code   416  atan2.o(i.__hardfp_atan2)
    __hardfp_atof                            0x00002c11   Thumb Code    44  atof.o(i.__hardfp_atof)
    __hardfp_cos                             0x00002c49   Thumb Code   200  cos.o(i.__hardfp_cos)
    __hardfp_pow                             0x00002d21   Thumb Code  3132  pow.o(i.__hardfp_pow)
    __hardfp_sin                             0x000039b1   Thumb Code   200  sin.o(i.__hardfp_sin)
    __hardfp_sqrt                            0x00003a89   Thumb Code   122  sqrt.o(i.__hardfp_sqrt)
    __ieee754_rem_pio2                       0x00003b09   Thumb Code   972  rred.o(i.__ieee754_rem_pio2)
    __kernel_cos                             0x00003f61   Thumb Code   322  cos_i.o(i.__kernel_cos)
    __kernel_poly                            0x000040d1   Thumb Code   248  poly.o(i.__kernel_poly)
    __kernel_sin                             0x000041c9   Thumb Code   280  sin_i.o(i.__kernel_sin)
    __mathlib_dbl_underflow                  0x000042f9   Thumb Code    24  dunder.o(i.__mathlib_dbl_underflow)
    __read_errno                             0x00004319   Thumb Code     6  errno.o(i.__read_errno)
    __scatterload_copy                       0x00004325   Thumb Code    14  handlers.o(i.__scatterload_copy)
    __scatterload_null                       0x00004333   Thumb Code     2  handlers.o(i.__scatterload_null)
    __scatterload_zeroinit                   0x00004335   Thumb Code    14  handlers.o(i.__scatterload_zeroinit)
    __set_errno                              0x00004345   Thumb Code     6  errno.o(i.__set_errno)
    _is_digit                                0x00004351   Thumb Code    14  scanf_fp.o(i._is_digit)
    atan                                     0x000044bf   Thumb Code    16  atan.o(i.atan)
    fabs                                     0x000044cf   Thumb Code    32  fabs.o(i.fabs)
    sqrt                                     0x000044ef   Thumb Code   110  sqrt.o(i.sqrt)
    Places_Quantity                          0x0000455c   Data           4  gps.o(.constdata)
    __mathlib_zero                           0x000046b0   Data           8  qnan.o(.constdata)
    __ctype_categories                       0x000047a8   Data          64  ctype_c.o(.constdata)
    Region$$Table$$Base                      0x000047e8   Number         0  anon$$obj.o(Region$$Table)
    Region$$Table$$Limit                     0x00004808   Number         0  anon$$obj.o(Region$$Table)
    NearestPlace                             0x20000000   Data           8  app.o(.data)
    Lat_float                                0x20000008   Data           4  app.o(.data)
    Log_float                                0x2000000c   Data           4  app.o(.data)
    SAVED_Lat_float                          0x20000010   Data           4  app.o(.data)
    SAVED_Log_float                          0x20000014   Data           4  app.o(.data)
    SELECTED_Index                           0x20000018   Data           4  app.o(.data)
    Place_Index                              0x2000001c   Data           1  app.o(.data)
    Place_Distance                           0x20000020   Data           4  app.o(.data)
    i                                        0x20000024   Data           4  app.o(.data)
    y                                        0x20000028   Data           4  app.o(.data)
    c                                        0x2000002c   Data           1  app.o(.data)
    Coordinate_fixed_places                  0x20000030   Data          48  gps.o(.data)
    IsNear                                   0x20000060   Data           1  led_buzzer.o(.data)
    seconds                                  0x20000064   Data           4  timer.o(.data)
    minutes                                  0x20000068   Data           4  timer.o(.data)
    timer_running                            0x2000006c   Data           1  timer.o(.data)
    minutes_string                           0x2000006d   Data           2  timer.o(.data)
    seconds_string                           0x2000006f   Data           2  timer.o(.data)
    state                                    0x20000074   Data           4  switch_btn.o(.data)
    Lat                                      0x2000007c   Data          10  app.o(.bss)
    Log                                      0x20000086   Data          10  app.o(.bss)
    Place_Distance_string                    0x20000090   Data          10  app.o(.bss)
    __initial_sp                             0x200002a0   Data           0  startup_tm4c123.o(STACK)



==============================================================================

Memory Map of the image

  Image Entry point : 0x00001595

  Load Region LR_1 (Base: 0x00000000, Size: 0x00004884, Max: 0xffffffff, ABSOLUTE)

    Execution Region ER_RO (Base: 0x00000000, Size: 0x00004808, Max: 0xffffffff, ABSOLUTE)

    Base Addr    Size         Type   Attr      Idx    E Section Name        Object

    0x00000000   0x0000026c   Data   RO          213    RESET               startup_tm4c123.o
    0x0000026c   0x00000000   Code   RO          375  * .ARM.Collect$$$$00000000  mc_w.l(entry.o)
    0x0000026c   0x00000004   Code   RO          694    .ARM.Collect$$$$00000001  mc_w.l(entry2.o)
    0x00000270   0x00000004   Code   RO          697    .ARM.Collect$$$$00000004  mc_w.l(entry5.o)
    0x00000274   0x00000000   Code   RO          699    .ARM.Collect$$$$00000008  mc_w.l(entry7b.o)
    0x00000274   0x00000000   Code   RO          701    .ARM.Collect$$$$0000000A  mc_w.l(entry8b.o)
    0x00000274   0x00000008   Code   RO          702    .ARM.Collect$$$$0000000B  mc_w.l(entry9a.o)
    0x0000027c   0x00000000   Code   RO          704    .ARM.Collect$$$$0000000D  mc_w.l(entry10a.o)
    0x0000027c   0x00000000   Code   RO          706    .ARM.Collect$$$$0000000F  mc_w.l(entry11a.o)
    0x0000027c   0x00000004   Code   RO          695    .ARM.Collect$$$$00002712  mc_w.l(entry2.o)
    0x00000280   0x00000538   Code   RO            3    .text               app.o
    0x000007b8   0x000004e8   Code   RO          111    .text               gpio.o
    0x00000ca0   0x00000030   Code   RO          132    .text               systick.o
    0x00000cd0   0x0000033c   Code   RO          150    .text               uart.o
    0x0000100c   0x00000586   Code   RO          168    .text               gps.o
    0x00001592   0x00000002   PAD
    0x00001594   0x0000010c   Code   RO          214  * .text               startup_tm4c123.o
    0x000016a0   0x00000314   Code   RO          220    .text               lcd.o
    0x000019b4   0x0000007c   Code   RO          244    .text               led_buzzer.o
    0x00001a30   0x00000150   Code   RO          265    .text               timer.o
    0x00001b80   0x00000024   Code   RO          289    .text               switch_btn.o
    0x00001ba4   0x0000014e   Code   RO          639    .text               mf_w.l(dadd.o)
    0x00001cf2   0x000000e4   Code   RO          641    .text               mf_w.l(dmul.o)
    0x00001dd6   0x000000de   Code   RO          643    .text               mf_w.l(ddiv.o)
    0x00001eb4   0x00000022   Code   RO          645    .text               mf_w.l(dflti.o)
    0x00001ed6   0x00000026   Code   RO          647    .text               mf_w.l(f2d.o)
    0x00001efc   0x00000028   Code   RO          649    .text               mf_w.l(cdcmple.o)
    0x00001f24   0x00000038   Code   RO          651    .text               mf_w.l(d2f.o)
    0x00001f5c   0x0000002c   Code   RO          711    .text               mc_w.l(uidiv.o)
    0x00001f88   0x0000001e   Code   RO          715    .text               mc_w.l(llshl.o)
    0x00001fa6   0x00000024   Code   RO          717    .text               mc_w.l(llsshr.o)
    0x00001fca   0x00000002   PAD
    0x00001fcc   0x0000009c   Code   RO          726    .text               mc_w.l(strtod.o)
    0x00002068   0x00000000   Code   RO          728    .text               mc_w.l(iusefp.o)
    0x00002068   0x0000006c   Code   RO          729    .text               mf_w.l(fepilogue.o)
    0x000020d4   0x000000be   Code   RO          731    .text               mf_w.l(depilogue.o)
    0x00002192   0x0000002e   Code   RO          735    .text               mf_w.l(dscalb.o)
    0x000021c0   0x000000a2   Code   RO          737    .text               mf_w.l(dsqrt.o)
    0x00002262   0x00000002   PAD
    0x00002264   0x00000028   Code   RO          741    .text               mf_w.l(cdrcmple.o)
    0x0000228c   0x00000024   Code   RO          743    .text               mc_w.l(init.o)
    0x000022b0   0x00000020   Code   RO          746    .text               mc_w.l(llushr.o)
    0x000022d0   0x0000000a   Code   RO          748    .text               mc_w.l(isspace_c.o)
    0x000022da   0x00000002   PAD
    0x000022dc   0x0000033c   Code   RO          750    .text               mc_w.l(scanf_fp.o)
    0x00002618   0x00000040   Code   RO          754    .text               mc_w.l(_sgetc.o)
    0x00002658   0x0000001a   Code   RO          757    .text               mf_w.l(dfltui.o)
    0x00002672   0x0000003e   Code   RO          759    .text               mf_w.l(dfixi.o)
    0x000026b0   0x00000028   Code   RO          761    .text               mc_w.l(ctype_c.o)
    0x000026d8   0x00000018   Code   RO          764    .text               mf_w.l(dfltul.o)
    0x000026f0   0x00000028   Code   RO          425    i.__0sprintf$1      mc_w.l(printf1.o)
    0x00002718   0x00000030   Code   RO          678    i.__ARM_fpclassify  m_wm.l(fpclassify.o)
    0x00002748   0x000002e8   Code   RO          653    i.__hardfp_atan     m_wm.l(atan.o)
    0x00002a30   0x000001e0   Code   RO          307    i.__hardfp_atan2    m_wm.l(atan2.o)
    0x00002c10   0x00000038   Code   RO          319    i.__hardfp_atof     m_wm.l(atof.o)
    0x00002c48   0x000000d8   Code   RO          325    i.__hardfp_cos      m_wm.l(cos.o)
    0x00002d20   0x00000c90   Code   RO          337    i.__hardfp_pow      m_wm.l(pow.o)
    0x000039b0   0x000000d8   Code   RO          351    i.__hardfp_sin      m_wm.l(sin.o)
    0x00003a88   0x0000007a   Code   RO          363    i.__hardfp_sqrt     m_wm.l(sqrt.o)
    0x00003b02   0x00000006   PAD
    0x00003b08   0x00000458   Code   RO          683    i.__ieee754_rem_pio2  m_wm.l(rred.o)
    0x00003f60   0x00000170   Code   RO          667    i.__kernel_cos      m_wm.l(cos_i.o)
    0x000040d0   0x000000f8   Code   RO          680    i.__kernel_poly     m_wm.l(poly.o)
    0x000041c8   0x00000130   Code   RO          688    i.__kernel_sin      m_wm.l(sin_i.o)
    0x000042f8   0x00000020   Code   RO          670    i.__mathlib_dbl_underflow  m_wm.l(dunder.o)
    0x00004318   0x0000000c   Code   RO          720    i.__read_errno      mc_w.l(errno.o)
    0x00004324   0x0000000e   Code   RO          768    i.__scatterload_copy  mc_w.l(handlers.o)
    0x00004332   0x00000002   Code   RO          769    i.__scatterload_null  mc_w.l(handlers.o)
    0x00004334   0x0000000e   Code   RO          770    i.__scatterload_zeroinit  mc_w.l(handlers.o)
    0x00004342   0x00000002   PAD
    0x00004344   0x0000000c   Code   RO          721    i.__set_errno       mc_w.l(errno.o)
    0x00004350   0x0000000e   Code   RO          752    i._is_digit         mc_w.l(scanf_fp.o)
    0x0000435e   0x00000002   PAD
    0x00004360   0x00000154   Code   RO          430    i._printf_core      mc_w.l(printf1.o)
    0x000044b4   0x0000000a   Code   RO          432    i._sputc            mc_w.l(printf1.o)
    0x000044be   0x00000010   Code   RO          655    i.atan              m_wm.l(atan.o)
    0x000044ce   0x00000020   Code   RO          674    i.fabs              m_wm.l(fabs.o)
    0x000044ee   0x0000006e   Code   RO          365    i.sqrt              m_wm.l(sqrt.o)
    0x0000455c   0x00000004   Data   RO          169    .constdata          gps.o
    0x00004560   0x00000088   Data   RO          340    .constdata          m_wm.l(pow.o)
    0x000045e8   0x00000098   Data   RO          656    .constdata          m_wm.l(atan.o)
    0x00004680   0x00000030   Data   RO          668    .constdata          m_wm.l(cos_i.o)
    0x000046b0   0x00000008   Data   RO          682    .constdata          m_wm.l(qnan.o)
    0x000046b8   0x000000c8   Data   RO          685    .constdata          m_wm.l(rred.o)
    0x00004780   0x00000028   Data   RO          689    .constdata          m_wm.l(sin_i.o)
    0x000047a8   0x00000040   Data   RO          762    .constdata          mc_w.l(ctype_c.o)
    0x000047e8   0x00000020   Data   RO          766    Region$$Table       anon$$obj.o


    Execution Region ER_RW (Base: 0x20000000, Size: 0x0000007c, Max: 0xffffffff, ABSOLUTE)

    Base Addr    Size         Type   Attr      Idx    E Section Name        Object

    0x20000000   0x0000002d   Data   RW            5    .data               app.o
    0x2000002d   0x00000003   PAD
    0x20000030   0x00000030   Data   RW          170    .data               gps.o
    0x20000060   0x00000001   Data   RW          245    .data               led_buzzer.o
    0x20000061   0x00000003   PAD
    0x20000064   0x0000000d   Data   RW          266    .data               timer.o
    0x20000071   0x00000003   PAD
    0x20000074   0x00000004   Data   RW          290    .data               switch_btn.o
    0x20000078   0x00000004   Data   RW          722    .data               mc_w.l(errno.o)


    Execution Region ER_ZI (Base: 0x2000007c, Size: 0x00000224, Max: 0xffffffff, ABSOLUTE)

    Base Addr    Size         Type   Attr      Idx    E Section Name        Object

    0x2000007c   0x0000001e   Zero   RW            4    .bss                app.o
    0x2000009a   0x00000006   PAD
    0x200000a0   0x00000200   Zero   RW          211    STACK               startup_tm4c123.o


==============================================================================

Image component sizes


      Code (inc. data)   RO Data    RW Data    ZI Data      Debug   Object Name

      1336        404          0         45         30       6216   app.o
      1256        140          0          0          0       2161   gpio.o
      1414         50          4         48          0       3973   gps.o
       788         54          0          0          0       1672   lcd.o
       124         16          0          1          0        774   led_buzzer.o
       268         10        620          0        512       5360   startup_tm4c123.o
        36          6          0          4          0        792   switch_btn.o
        48          0          0          0          0        530   systick.o
       336         52          0         13          0       1789   timer.o
       828         44          0          0          0       3326   uart.o

    ----------------------------------------------------------------------
      6436        776        656        120        548      26593   Object Totals
         0          0         32          0          0          0   (incl. Generated)
         2          0          0          9          6          0   (incl. Padding)

    ----------------------------------------------------------------------

      Code (inc. data)   RO Data    RW Data    ZI Data      Debug   Library Member Name

       760        108        152          0          0        344   atan.o
       480         64          0          0          0        156   atan2.o
        56         12          0          0          0        132   atof.o
       216         16          0          0          0        152   cos.o
       368         46         48          0          0        200   cos_i.o
        32          8          0          0          0        124   dunder.o
        32          0          0          0          0        124   fabs.o
        48          0          0          0          0        124   fpclassify.o
       248          0          0          0          0        152   poly.o
      3216        310        136          0          0        216   pow.o
         0          0          8          0          0          0   qnan.o
      1112        140        200          0          0        188   rred.o
       216         16          0          0          0        152   sin.o
       304         24         40          0          0        208   sin_i.o
       232          0          0          0          0        296   sqrt.o
        64          0          0          0          0         84   _sgetc.o
        40          6         64          0          0         68   ctype_c.o
         0          0          0          0          0          0   entry.o
         0          0          0          0          0          0   entry10a.o
         0          0          0          0          0          0   entry11a.o
         8          4          0          0          0          0   entry2.o
         4          0          0          0          0          0   entry5.o
         0          0          0          0          0          0   entry7b.o
         0          0          0          0          0          0   entry8b.o
         8          4          0          0          0          0   entry9a.o
        24         12          0          4          0        136   errno.o
        30          0          0          0          0          0   handlers.o
        36          8          0          0          0         68   init.o
        10          0          0          0          0         68   isspace_c.o
         0          0          0          0          0          0   iusefp.o
        30          0          0          0          0         68   llshl.o
        36          0          0          0          0         68   llsshr.o
        32          0          0          0          0         68   llushr.o
       390         12          0          0          0        248   printf1.o
       842         12          0          0          0        216   scanf_fp.o
       156         14          0          0          0        120   strtod.o
        44          0          0          0          0         80   uidiv.o
        40          2          0          0          0         68   cdcmple.o
        40          2          0          0          0         68   cdrcmple.o
        56          0          0          0          0         88   d2f.o
       334          0          0          0          0        148   dadd.o
       222          0          0          0          0        100   ddiv.o
       190          0          0          0          0        176   depilogue.o
        62          0          0          0          0         80   dfixi.o
        34          0          0          0          0         76   dflti.o
        26          0          0          0          0         76   dfltui.o
        24          0          0          0          0         76   dfltul.o
       228          0          0          0          0         96   dmul.o
        46          0          0          0          0         80   dscalb.o
       162          0          0          0          0        100   dsqrt.o
        38          0          0          0          0         68   f2d.o
       108          0          0          0          0        168   fepilogue.o

    ----------------------------------------------------------------------
     10700        820        648          4          0       5328   Library Totals
        16          0          0          0          0          0   (incl. Padding)

    ----------------------------------------------------------------------

      Code (inc. data)   RO Data    RW Data    ZI Data      Debug   Library Name

      7320        744        584          0          0       2568   m_wm.l
      1754         72         64          4          0       1292   mc_w.l
      1610          4          0          0          0       1468   mf_w.l

    ----------------------------------------------------------------------
     10700        820        648          4          0       5328   Library Totals

    ----------------------------------------------------------------------

==============================================================================


      Code (inc. data)   RO Data    RW Data    ZI Data      Debug   

     17136       1596       1304        124        548      28017   Grand Totals
     17136       1596       1304        124        548      28017   ELF Image Totals
     17136       1596       1304        124          0          0   ROM Totals

==============================================================================

    Total RO  Size (Code + RO Data)                18440 (  18.01kB)
    Total RW  Size (RW Data + ZI Data)               672 (   0.66kB)
    Total ROM Size (Code + RO Data + RW Data)      18564 (  18.13kB)

==============================================================================

